Component: ARM Compiler 5.06 update 6 (build 750) Tool: armlink [4d35ed]

==============================================================================

Section Cross References

    startup.o(RESET) refers to startup.o(STACK) for StackMem
    startup.o(RESET) refers to buttons.o(i.GPIOPortB_Handler) for GPIOPortB_Handler
    startup.o(RESET) refers to uart.o(i.UART0_Handler) for UART0_Handler
    startup.o(RESET) refers to timers.o(i.Timer0A_Handler) for Timer0A_Handler
    startup.o(RESET) refers to timers.o(i.Timer1A_Handler) for Timer1A_Handler
    startup.o(RESET) refers to timer2.o(i.Timer2A_Handler) for Timer2A_Handler
    startup.o(RESET) refers to switch.o(i.GPIOPortF_Handler) for GPIOPortF_Handler
    startup.o(RESET) refers to timer3.o(i.Timer3A_Handler) for Timer3A_Handler
    startup.o(RESET) refers to esp8266.o(i.UART5_Handler) for UART5_Handler
    startup.o(RESET) refers to entry.o(.ARM.Collect$$$$00000000) for __main
    uart.o(i.RxFifo_Get) refers to uart.o(.data) for RxPutI
    uart.o(i.RxFifo_Get) refers to uart.o(.bss) for RxFifo
    uart.o(i.RxFifo_Init) refers to startup.o(.text) for StartCritical
    uart.o(i.RxFifo_Init) refers to uart.o(.data) for RxGetI
    uart.o(i.RxFifo_Put) refers to uart.o(.data) for RxPutI
    uart.o(i.RxFifo_Put) refers to uart.o(.bss) for RxFifo
    uart.o(i.RxFifo_Size) refers to uart.o(.data) for RxPutI
    uart.o(i.TxFifo_Get) refers to uart.o(.data) for TxPutI
    uart.o(i.TxFifo_Get) refers to uart.o(.bss) for TxFifo
    uart.o(i.TxFifo_Init) refers to startup.o(.text) for StartCritical
    uart.o(i.TxFifo_Init) refers to uart.o(.data) for TxGetI
    uart.o(i.TxFifo_Put) refers to uart.o(.data) for TxPutI
    uart.o(i.TxFifo_Put) refers to uart.o(.bss) for TxFifo
    uart.o(i.TxFifo_Size) refers to uart.o(.data) for TxPutI
    uart.o(i.UART0_Handler) refers to uart.o(i.copySoftwareToHardware) for copySoftwareToHardware
    uart.o(i.UART0_Handler) refers to uart.o(i.TxFifo_Size) for TxFifo_Size
    uart.o(i.UART0_Handler) refers to uart.o(i.copyHardwareToSoftware) for copyHardwareToSoftware
    uart.o(i.UART_InChar) refers to uart.o(i.RxFifo_Get) for RxFifo_Get
    uart.o(i.UART_InCharNonBlock) refers to uart.o(i.RxFifo_Get) for RxFifo_Get
    uart.o(i.UART_InString) refers to uart.o(i.UART_InChar) for UART_InChar
    uart.o(i.UART_InString) refers to uart.o(i.UART_OutChar) for UART_OutChar
    uart.o(i.UART_InUDec) refers to uart.o(i.UART_InChar) for UART_InChar
    uart.o(i.UART_InUDec) refers to uart.o(i.UART_OutChar) for UART_OutChar
    uart.o(i.UART_InUHex) refers to uart.o(i.UART_InChar) for UART_InChar
    uart.o(i.UART_InUHex) refers to uart.o(i.UART_OutChar) for UART_OutChar
    uart.o(i.UART_Init) refers to uart.o(i.RxFifo_Init) for RxFifo_Init
    uart.o(i.UART_Init) refers to uart.o(i.TxFifo_Init) for TxFifo_Init
    uart.o(i.UART_Init) refers to startup.o(.text) for EnableInterrupts
    uart.o(i.UART_OutChar) refers to uart.o(i.TxFifo_Put) for TxFifo_Put
    uart.o(i.UART_OutChar) refers to uart.o(i.copySoftwareToHardware) for copySoftwareToHardware
    uart.o(i.UART_OutString) refers to uart.o(i.UART_OutChar) for UART_OutChar
    uart.o(i.UART_OutUDec) refers to uart.o(i.UART_OutChar) for UART_OutChar
    uart.o(i.UART_OutUHex) refers to uart.o(i.UART_OutChar) for UART_OutChar
    uart.o(i.copyHardwareToSoftware) refers to uart.o(i.RxFifo_Put) for RxFifo_Put
    uart.o(i.copyHardwareToSoftware) refers to uart.o(i.RxFifo_Size) for RxFifo_Size
    uart.o(i.copySoftwareToHardware) refers to uart.o(i.TxFifo_Get) for TxFifo_Get
    uart.o(i.copySoftwareToHardware) refers to uart.o(i.TxFifo_Size) for TxFifo_Size
    st7735.o(i.Output_Clear) refers to st7735.o(i.ST7735_FillScreen) for ST7735_FillScreen
    st7735.o(i.Output_Color) refers to st7735.o(i.ST7735_SetTextColor) for ST7735_SetTextColor
    st7735.o(i.Output_Init) refers to st7735.o(i.ST7735_InitR) for ST7735_InitR
    st7735.o(i.Output_Init) refers to st7735.o(i.ST7735_FillScreen) for ST7735_FillScreen
    st7735.o(i.Output_Off) refers to st7735.o(i.Output_Clear) for Output_Clear
    st7735.o(i.Output_On) refers to st7735.o(i.Output_Init) for Output_Init
    st7735.o(i.ST7735_DrawBitmap) refers to st7735.o(i.setAddrWindow) for setAddrWindow
    st7735.o(i.ST7735_DrawBitmap) refers to st7735.o(i.writedata) for writedata
    st7735.o(i.ST7735_DrawBitmap) refers to st7735.o(i.deselect) for deselect
    st7735.o(i.ST7735_DrawBitmap) refers to st7735.o(.data) for _width
    st7735.o(i.ST7735_DrawChar) refers to st7735.o(i.setAddrWindow) for setAddrWindow
    st7735.o(i.ST7735_DrawChar) refers to st7735.o(i.pushColor) for pushColor
    st7735.o(i.ST7735_DrawChar) refers to st7735.o(i.deselect) for deselect
    st7735.o(i.ST7735_DrawChar) refers to st7735.o(.data) for _width
    st7735.o(i.ST7735_DrawChar) refers to st7735.o(.constdata) for Font
    st7735.o(i.ST7735_DrawCharS) refers to st7735.o(i.ST7735_DrawPixel) for ST7735_DrawPixel
    st7735.o(i.ST7735_DrawCharS) refers to st7735.o(i.ST7735_FillRect) for ST7735_FillRect
    st7735.o(i.ST7735_DrawCharS) refers to st7735.o(.data) for _width
    st7735.o(i.ST7735_DrawCharS) refers to st7735.o(.constdata) for Font
    st7735.o(i.ST7735_DrawCircle) refers to st7735.o(i.setAddrWindow) for setAddrWindow
    st7735.o(i.ST7735_DrawCircle) refers to st7735.o(i.writedata) for writedata
    st7735.o(i.ST7735_DrawCircle) refers to st7735.o(i.deselect) for deselect
    st7735.o(i.ST7735_DrawCircle) refers to st7735.o(.data) for _width
    st7735.o(i.ST7735_DrawCircle) refers to st7735.o(.constdata) for circle
    st7735.o(i.ST7735_DrawFastHLine) refers to st7735.o(i.setAddrWindow) for setAddrWindow
    st7735.o(i.ST7735_DrawFastHLine) refers to st7735.o(i.writedata) for writedata
    st7735.o(i.ST7735_DrawFastHLine) refers to st7735.o(i.deselect) for deselect
    st7735.o(i.ST7735_DrawFastHLine) refers to st7735.o(.data) for _width
    st7735.o(i.ST7735_DrawFastVLine) refers to st7735.o(i.setAddrWindow) for setAddrWindow
    st7735.o(i.ST7735_DrawFastVLine) refers to st7735.o(i.writedata) for writedata
    st7735.o(i.ST7735_DrawFastVLine) refers to st7735.o(i.deselect) for deselect
    st7735.o(i.ST7735_DrawFastVLine) refers to st7735.o(.data) for _width
    st7735.o(i.ST7735_DrawPixel) refers to st7735.o(i.setAddrWindow) for setAddrWindow
    st7735.o(i.ST7735_DrawPixel) refers to st7735.o(i.pushColor) for pushColor
    st7735.o(i.ST7735_DrawPixel) refers to st7735.o(i.deselect) for deselect
    st7735.o(i.ST7735_DrawPixel) refers to st7735.o(.data) for _width
    st7735.o(i.ST7735_DrawSmallCircle) refers to st7735.o(i.setAddrWindow) for setAddrWindow
    st7735.o(i.ST7735_DrawSmallCircle) refers to st7735.o(i.writedata) for writedata
    st7735.o(i.ST7735_DrawSmallCircle) refers to st7735.o(i.deselect) for deselect
    st7735.o(i.ST7735_DrawSmallCircle) refers to st7735.o(.data) for _width
    st7735.o(i.ST7735_DrawSmallCircle) refers to st7735.o(.constdata) for smallCircle
    st7735.o(i.ST7735_DrawString) refers to st7735.o(i.ST7735_DrawCharS) for ST7735_DrawCharS
    st7735.o(i.ST7735_FillRect) refers to st7735.o(i.setAddrWindow) for setAddrWindow
    st7735.o(i.ST7735_FillRect) refers to st7735.o(i.writedata) for writedata
    st7735.o(i.ST7735_FillRect) refers to st7735.o(i.deselect) for deselect
    st7735.o(i.ST7735_FillRect) refers to st7735.o(.data) for _width
    st7735.o(i.ST7735_FillScreen) refers to st7735.o(i.ST7735_FillRect) for ST7735_FillRect
    st7735.o(i.ST7735_FillScreen) refers to st7735.o(.data) for _height
    st7735.o(i.ST7735_InitB) refers to st7735.o(i.commonInit) for commonInit
    st7735.o(i.ST7735_InitB) refers to st7735.o(i.ST7735_SetCursor) for ST7735_SetCursor
    st7735.o(i.ST7735_InitB) refers to st7735.o(i.ST7735_FillScreen) for ST7735_FillScreen
    st7735.o(i.ST7735_InitB) refers to st7735.o(.constdata) for Bcmd
    st7735.o(i.ST7735_InitB) refers to st7735.o(.data) for StTextColor
    st7735.o(i.ST7735_InitR) refers to st7735.o(i.commonInit) for commonInit
    st7735.o(i.ST7735_InitR) refers to st7735.o(i.commandList) for commandList
    st7735.o(i.ST7735_InitR) refers to st7735.o(i.writecommand) for writecommand
    st7735.o(i.ST7735_InitR) refers to st7735.o(i.writedata) for writedata
    st7735.o(i.ST7735_InitR) refers to st7735.o(i.ST7735_SetCursor) for ST7735_SetCursor
    st7735.o(i.ST7735_InitR) refers to st7735.o(i.ST7735_FillScreen) for ST7735_FillScreen
    st7735.o(i.ST7735_InitR) refers to st7735.o(.constdata) for Rcmd1
    st7735.o(i.ST7735_InitR) refers to st7735.o(.data) for ColStart
    st7735.o(i.ST7735_InvertDisplay) refers to st7735.o(i.writecommand) for writecommand
    st7735.o(i.ST7735_InvertDisplay) refers to st7735.o(i.deselect) for deselect
    st7735.o(i.ST7735_OutChar) refers to st7735.o(i.ST7735_DrawString) for ST7735_DrawString
    st7735.o(i.ST7735_OutChar) refers to st7735.o(i.ST7735_DrawCharS) for ST7735_DrawCharS
    st7735.o(i.ST7735_OutChar) refers to st7735.o(.data) for StY
    st7735.o(i.ST7735_OutString) refers to st7735.o(i.ST7735_OutChar) for ST7735_OutChar
    st7735.o(i.ST7735_OutUDec) refers to st7735.o(i.fillmessage) for fillmessage
    st7735.o(i.ST7735_OutUDec) refers to st7735.o(i.ST7735_DrawString) for ST7735_DrawString
    st7735.o(i.ST7735_OutUDec) refers to st7735.o(i.ST7735_DrawCharS) for ST7735_DrawCharS
    st7735.o(i.ST7735_OutUDec) refers to st7735.o(.data) for Messageindex
    st7735.o(i.ST7735_OutUDec) refers to st7735.o(.bss) for Message
    st7735.o(i.ST7735_PlotBar) refers to st7735.o(i.ST7735_DrawFastVLine) for ST7735_DrawFastVLine
    st7735.o(i.ST7735_PlotBar) refers to st7735.o(.data) for Ymin
    st7735.o(i.ST7735_PlotClear) refers to st7735.o(i.ST7735_Color565) for ST7735_Color565
    st7735.o(i.ST7735_PlotClear) refers to st7735.o(i.ST7735_FillRect) for ST7735_FillRect
    st7735.o(i.ST7735_PlotClear) refers to st7735.o(.data) for Ymax
    st7735.o(i.ST7735_PlotLine) refers to st7735.o(i.ST7735_DrawPixel) for ST7735_DrawPixel
    st7735.o(i.ST7735_PlotLine) refers to st7735.o(.data) for Ymin
    st7735.o(i.ST7735_PlotNext) refers to st7735.o(.data) for X
    st7735.o(i.ST7735_PlotNextErase) refers to st7735.o(i.ST7735_Color565) for ST7735_Color565
    st7735.o(i.ST7735_PlotNextErase) refers to st7735.o(i.ST7735_DrawFastVLine) for ST7735_DrawFastVLine
    st7735.o(i.ST7735_PlotNextErase) refers to st7735.o(.data) for X
    st7735.o(i.ST7735_PlotPoint) refers to st7735.o(i.ST7735_DrawPixel) for ST7735_DrawPixel
    st7735.o(i.ST7735_PlotPoint) refers to st7735.o(.data) for Ymin
    st7735.o(i.ST7735_PlotPoints) refers to st7735.o(i.ST7735_DrawPixel) for ST7735_DrawPixel
    st7735.o(i.ST7735_PlotPoints) refers to st7735.o(.data) for Ymin
    st7735.o(i.ST7735_PlotdBfs) refers to st7735.o(i.ST7735_DrawFastVLine) for ST7735_DrawFastVLine
    st7735.o(i.ST7735_PlotdBfs) refers to st7735.o(.constdata) for dBfs
    st7735.o(i.ST7735_PlotdBfs) refers to st7735.o(.data) for X
    st7735.o(i.ST7735_SetCursor) refers to st7735.o(.data) for StX
    st7735.o(i.ST7735_SetRotation) refers to st7735.o(i.writecommand) for writecommand
    st7735.o(i.ST7735_SetRotation) refers to st7735.o(i.writedata) for writedata
    st7735.o(i.ST7735_SetRotation) refers to st7735.o(i.deselect) for deselect
    st7735.o(i.ST7735_SetRotation) refers to st7735.o(.data) for Rotation
    st7735.o(i.ST7735_SetTextColor) refers to st7735.o(.data) for StTextColor
    st7735.o(i.commandList) refers to st7735.o(i.writecommand) for writecommand
    st7735.o(i.commandList) refers to st7735.o(i.writedata) for writedata
    st7735.o(i.commandList) refers to st7735.o(i.Delay1ms) for Delay1ms
    st7735.o(i.commonInit) refers to st7735.o(i.Delay1ms) for Delay1ms
    st7735.o(i.commonInit) refers to st7735.o(i.commandList) for commandList
    st7735.o(i.commonInit) refers to st7735.o(.data) for RowStart
    st7735.o(i.fillmessage) refers to st7735.o(.bss) for Message
    st7735.o(i.fillmessage) refers to st7735.o(.data) for Messageindex
    st7735.o(i.fputc) refers to st7735.o(i.ST7735_OutChar) for ST7735_OutChar
    st7735.o(i.pushColor) refers to st7735.o(i.writedata) for writedata
    st7735.o(i.setAddrWindow) refers to st7735.o(i.writecommand) for writecommand
    st7735.o(i.setAddrWindow) refers to st7735.o(i.writedata) for writedata
    st7735.o(i.setAddrWindow) refers to st7735.o(.data) for ColStart
    timer2.o(i.Timer2A_Handler) refers to timer2.o(.data) for PeriodicTask2
    timer2.o(i.Timer2_Init) refers to timer2.o(.data) for PeriodicTask2
    timer3.o(i.Timer3A_Handler) refers to timer3.o(.data) for PeriodicTask3
    timer3.o(i.Timer3_Init) refers to timer3.o(.data) for PeriodicTask3
    esp8266.o(i.ESP8266_AvailableInput) refers to esp8266.o(i.Rx5Fifo_Size) for Rx5Fifo_Size
    esp8266.o(i.ESP8266_GetMessage) refers to esp8266.o(.data) for Rx5PutI
    esp8266.o(i.ESP8266_GetMessage) refers to esp8266.o(.bss) for Rx5Fifo
    esp8266.o(i.ESP8266_Init) refers to esp8266.o(i.UART5_Init) for UART5_Init
    esp8266.o(i.ESP8266_Init) refers to startup.o(.text) for EnableInterrupts
    esp8266.o(i.ESP8266_OutChar) refers to esp8266.o(i.Tx5Fifo_Put) for Tx5Fifo_Put
    esp8266.o(i.ESP8266_OutChar) refers to esp8266.o(i.copySoftwareToHardware5) for copySoftwareToHardware5
    esp8266.o(i.ESP8266_OutString) refers to esp8266.o(i.ESP8266_OutChar) for ESP8266_OutChar
    esp8266.o(i.ESP8266_OutUDec) refers to esp8266.o(i.ESP8266_OutChar) for ESP8266_OutChar
    esp8266.o(i.ESP8266_Reset) refers to esp8266.o(i.DelayMs) for DelayMs
    esp8266.o(i.ESP8266_SetupWiFi) refers to esp8266.o(i.DelayMs) for DelayMs
    esp8266.o(i.ESP8266_SetupWiFi) refers to esp8266.o(i.ESP8266_OutString) for ESP8266_OutString
    esp8266.o(i.ESP8266_SetupWiFi) refers to esp8266.o(i.ESP8266_OutChar) for ESP8266_OutChar
    esp8266.o(i.ESP8266_SetupWiFi) refers to esp8266.o(i.ESP8266_GetMessage) for ESP8266_GetMessage
    esp8266.o(i.ESP8266_SetupWiFi) refers to esp8266.o(i.Rx5Fifo_Init) for Rx5Fifo_Init
    esp8266.o(i.ESP8266_SetupWiFi) refers to esp8266.o(.data) for auth
    esp8266.o(i.ESP8266_SetupWiFi) refers to esp8266.o(.bss) for RxMessage
    esp8266.o(i.Rx5Fifo_Init) refers to startup.o(.text) for StartCritical
    esp8266.o(i.Rx5Fifo_Init) refers to esp8266.o(.data) for Rx5PutJ
    esp8266.o(i.Rx5Fifo_Put) refers to esp8266.o(.data) for Rx5PutI
    esp8266.o(i.Rx5Fifo_Put) refers to esp8266.o(.bss) for Rx5Fifo
    esp8266.o(i.Rx5Fifo_Size) refers to esp8266.o(.data) for Rx5PutI
    esp8266.o(i.Tx5Fifo_Get) refers to esp8266.o(.data) for Tx5PutI
    esp8266.o(i.Tx5Fifo_Get) refers to esp8266.o(.bss) for Tx5Fifo
    esp8266.o(i.Tx5Fifo_Init) refers to startup.o(.text) for StartCritical
    esp8266.o(i.Tx5Fifo_Init) refers to esp8266.o(.data) for Tx5GetI
    esp8266.o(i.Tx5Fifo_Put) refers to esp8266.o(.data) for Tx5PutI
    esp8266.o(i.Tx5Fifo_Put) refers to esp8266.o(.bss) for Tx5Fifo
    esp8266.o(i.Tx5Fifo_Size) refers to esp8266.o(.data) for Tx5PutI
    esp8266.o(i.UART5_Handler) refers to esp8266.o(i.copySoftwareToHardware5) for copySoftwareToHardware5
    esp8266.o(i.UART5_Handler) refers to esp8266.o(i.Tx5Fifo_Size) for Tx5Fifo_Size
    esp8266.o(i.UART5_Handler) refers to esp8266.o(i.copyHardwareToSoftware5) for copyHardwareToSoftware5
    esp8266.o(i.UART5_Init) refers to esp8266.o(i.Rx5Fifo_Init) for Rx5Fifo_Init
    esp8266.o(i.UART5_Init) refers to esp8266.o(i.Tx5Fifo_Init) for Tx5Fifo_Init
    esp8266.o(i.copyHardwareToSoftware5) refers to esp8266.o(i.Rx5Fifo_Put) for Rx5Fifo_Put
    esp8266.o(i.copyHardwareToSoftware5) refers to esp8266.o(i.Rx5Fifo_Size) for Rx5Fifo_Size
    esp8266.o(i.copySoftwareToHardware5) refers to esp8266.o(i.Tx5Fifo_Get) for Tx5Fifo_Get
    esp8266.o(i.copySoftwareToHardware5) refers to esp8266.o(i.Tx5Fifo_Size) for Tx5Fifo_Size
    buttons.o(i.Buttons_Init) refers to buttons.o(.data) for Touch
    buttons.o(i.GPIOPortB_Handler) refers to buttons.o(i.readInput) for readInput
    buttons.o(i.processInput) refers to st7735.o(i.Output_Clear) for Output_Clear
    buttons.o(i.processInput) refers to st7735.o(i.ST7735_PlotClear) for ST7735_PlotClear
    buttons.o(i.processInput) refers to st7735.o(i.ST7735_Color565) for ST7735_Color565
    buttons.o(i.processInput) refers to lcd.o(i.ST7735_XYplotInit) for ST7735_XYplotInit
    buttons.o(i.processInput) refers to st7735.o(i.ST7735_InvertDisplay) for ST7735_InvertDisplay
    buttons.o(i.processInput) refers to lab3.o(.data) for state
    buttons.o(i.readInput) refers to buttons.o(i.DelayWait10ms) for DelayWait10ms
    buttons.o(i.readInput) refers to st7735.o(i.Output_Clear) for Output_Clear
    buttons.o(i.readInput) refers to st7735.o(i.ST7735_PlotClear) for ST7735_PlotClear
    buttons.o(i.readInput) refers to st7735.o(i.ST7735_Color565) for ST7735_Color565
    buttons.o(i.readInput) refers to lcd.o(i.ST7735_XYplotInit) for ST7735_XYplotInit
    buttons.o(i.readInput) refers to st7735.o(i.ST7735_InvertDisplay) for ST7735_InvertDisplay
    buttons.o(i.readInput) refers to lab3.o(.data) for state
    lab3.o(i.Blynk_to_TM4C) refers to esp8266.o(i.ESP8266_GetMessage) for ESP8266_GetMessage
    lab3.o(i.Blynk_to_TM4C) refers to strtok.o(.text) for strtok
    lab3.o(i.Blynk_to_TM4C) refers to strcpy.o(.text) for strcpy
    lab3.o(i.Blynk_to_TM4C) refers to atoi.o(.text) for atoi
    lab3.o(i.Blynk_to_TM4C) refers to buttons.o(i.processInput) for processInput
    lab3.o(i.Blynk_to_TM4C) refers to lab3.o(.bss) for serial_buf
    lab3.o(i.Blynk_to_TM4C) refers to lab3.o(.data) for Pin_Number
    lab3.o(i.Pause) refers to buttons.o(i.DelayWait10ms) for DelayWait10ms
    lab3.o(i.SendInformation) refers to lab3.o(i.TM4C_to_Blynk) for TM4C_to_Blynk
    lab3.o(i.SendInformation) refers to lab3.o(.data) for time
    lab3.o(i.TM4C_to_Blynk) refers to esp8266.o(i.ESP8266_OutUDec) for ESP8266_OutUDec
    lab3.o(i.TM4C_to_Blynk) refers to esp8266.o(i.ESP8266_OutChar) for ESP8266_OutChar
    lab3.o(i.TM4C_to_Blynk) refers to esp8266.o(i.ESP8266_OutString) for ESP8266_OutString
    lab3.o(i.main) refers to startup.o(.text) for DisableInterrupts
    lab3.o(i.main) refers to pll.o(i.PLL_Init) for PLL_Init
    lab3.o(i.main) refers to lab3.o(i.PortF_Init) for PortF_Init
    lab3.o(i.main) refers to st7735.o(i.ST7735_InitR) for ST7735_InitR
    lab3.o(i.main) refers to st7735.o(i.Output_Clear) for Output_Clear
    lab3.o(i.main) refers to st7735.o(i.ST7735_PlotClear) for ST7735_PlotClear
    lab3.o(i.main) refers to st7735.o(i.ST7735_Color565) for ST7735_Color565
    lab3.o(i.main) refers to lcd.o(i.ST7735_XYplotInit) for ST7735_XYplotInit
    lab3.o(i.main) refers to lab3.o(i.switchInit) for switchInit
    lab3.o(i.main) refers to lab3.o(i.timerInit) for timerInit
    lab3.o(i.main) refers to lab3.o(i.enableHeartbeat) for enableHeartbeat
    lab3.o(i.main) refers to timers.o(i.Timer0A_Init100HzInt) for Timer0A_Init100HzInt
    lab3.o(i.main) refers to pwm.o(i.PWM0A_Init) for PWM0A_Init
    lab3.o(i.main) refers to esp8266.o(i.ESP8266_Init) for ESP8266_Init
    lab3.o(i.main) refers to esp8266.o(i.ESP8266_Reset) for ESP8266_Reset
    lab3.o(i.main) refers to esp8266.o(i.ESP8266_SetupWiFi) for ESP8266_SetupWiFi
    lab3.o(i.main) refers to timer2.o(i.Timer2_Init) for Timer2_Init
    lab3.o(i.main) refers to timer3.o(i.Timer3_Init) for Timer3_Init
    lab3.o(i.main) refers to lcd.o(i.outputLCD) for outputLCD
    lab3.o(i.main) refers to speaker.o(i.outputSpeaker) for outputSpeaker
    lab3.o(i.main) refers to lab3.o(.data) for state
    lab3.o(i.main) refers to lab3.o(i.Blynk_to_TM4C) for Blynk_to_TM4C
    lab3.o(i.main) refers to lab3.o(i.SendInformation) for SendInformation
    lcd.o(i.ST7735_XYplot) refers to st7735.o(i.ST7735_SetTextColor) for ST7735_SetTextColor
    lcd.o(i.ST7735_XYplot) refers to st7735.o(i.ST7735_FillRect) for ST7735_FillRect
    lcd.o(i.ST7735_XYplot) refers to lab3.o(.data) for maxY_global
    lcd.o(i.ST7735_XYplotInit) refers to st7735.o(i.Output_Clear) for Output_Clear
    lcd.o(i.ST7735_XYplotInit) refers to st7735.o(i.ST7735_PlotClear) for ST7735_PlotClear
    lcd.o(i.ST7735_XYplotInit) refers to st7735.o(i.ST7735_DrawString) for ST7735_DrawString
    lcd.o(i.ST7735_XYplotInit) refers to lab3.o(.data) for minX_global
    lcd.o(i.itoa_simple) refers to lcd.o(i.itoa_simple_helper) for itoa_simple_helper
    lcd.o(i.outputAlarm) refers to st7735.o(i.ST7735_DrawString) for ST7735_DrawString
    lcd.o(i.outputAlarm) refers to lcd.o(i.itoa_simple) for itoa_simple
    lcd.o(i.outputLCD) refers to st7735.o(i.ST7735_DrawString) for ST7735_DrawString
    lcd.o(i.outputLCD) refers to lcd.o(i.itoa_simple) for itoa_simple
    lcd.o(i.outputLCD) refers to lcd.o(i.outputTime) for outputTime
    lcd.o(i.outputLCD) refers to lcd.o(i.outputTime2) for outputTime2
    lcd.o(i.outputLCD) refers to lcd.o(i.outputAlarm) for outputAlarm
    lcd.o(i.outputLCD) refers to lab3.o(.data) for alarm_time
    lcd.o(i.outputTime) refers to st7735.o(i.ST7735_DrawString) for ST7735_DrawString
    lcd.o(i.outputTime) refers to lcd.o(i.itoa_simple) for itoa_simple
    lcd.o(i.outputTime2) refers to lcd.o(i.ST7735_XYplot) for ST7735_XYplot
    lcd.o(i.outputTime2) refers to lcd.o(.constdata) for CircleYbuf
    switch.o(i.GPIOPortF_Handler) refers to switch.o(i.Timer0Arm) for Timer0Arm
    switch.o(i.GPIOPortF_Handler) refers to switch.o(.data) for Last
    switch.o(i.Switch_Init) refers to switch.o(i.GPIOArm) for GPIOArm
    switch.o(i.Switch_Init) refers to switch.o(.data) for TouchTask
    switch.o(i.Switch_WaitPress) refers to switch.o(.data) for Touch
    switch.o(i.Switch_WaitRelease) refers to switch.o(.data) for Release
    timers.o(i.Timer0A_Handler) refers to lab3.o(.data) for state
    entry.o(.ARM.Collect$$$$00000000) refers (Special) to entry10a.o(.ARM.Collect$$$$0000000D) for __rt_final_cpp
    entry.o(.ARM.Collect$$$$00000000) refers (Special) to entry11a.o(.ARM.Collect$$$$0000000F) for __rt_final_exit
    entry.o(.ARM.Collect$$$$00000000) refers (Special) to entry7b.o(.ARM.Collect$$$$00000008) for _main_clock
    entry.o(.ARM.Collect$$$$00000000) refers (Special) to entry8b.o(.ARM.Collect$$$$0000000A) for _main_cpp_init
    entry.o(.ARM.Collect$$$$00000000) refers (Special) to entry9a.o(.ARM.Collect$$$$0000000B) for _main_init
    entry.o(.ARM.Collect$$$$00000000) refers (Special) to entry5.o(.ARM.Collect$$$$00000004) for _main_scatterload
    entry.o(.ARM.Collect$$$$00000000) refers (Special) to entry2.o(.ARM.Collect$$$$00000001) for _main_stk
    strtok.o(.text) refers to strtok.o(.data) for .data
    strtok_r.o(.text) refers to strtok_r.o(.data) for .data
    atoi.o(.text) refers to errno.o(i.__aeabi_errno_addr) for __aeabi_errno_addr
    atoi.o(.text) refers to strtol.o(.text) for strtol
    entry2.o(.ARM.Collect$$$$00000001) refers to entry2.o(.ARM.Collect$$$$00002712) for __lit__00000000
    entry2.o(.ARM.Collect$$$$00002712) refers to startup.o(STACK) for __initial_sp
    entry2.o(__vectab_stack_and_reset_area) refers to startup.o(STACK) for __initial_sp
    entry2.o(__vectab_stack_and_reset_area) refers to entry.o(.ARM.Collect$$$$00000000) for __main
    entry5.o(.ARM.Collect$$$$00000004) refers to init.o(.text) for __scatterload
    entry9a.o(.ARM.Collect$$$$0000000B) refers to lab3.o(i.main) for main
    entry9b.o(.ARM.Collect$$$$0000000C) refers to lab3.o(i.main) for main
    errno.o(i.__aeabi_errno_addr) refers to errno.o(.data) for .data
    errno.o(i.__read_errno) refers to errno.o(.data) for .data
    errno.o(i.__set_errno) refers to errno.o(.data) for .data
    strtol.o(.text) refers to ctype_o.o(.text) for __rt_ctype_table
    strtol.o(.text) refers to _strtoul.o(.text) for _strtoul
    strtol.o(.text) refers to errno.o(i.__aeabi_errno_addr) for __aeabi_errno_addr
    init.o(.text) refers to entry5.o(.ARM.Collect$$$$00000004) for __main_after_scatterload
    ctype_o.o(.text) refers to ctype_o.o(.constdata) for .constdata
    ctype_o.o(.constdata) refers to ctype_o.o(.constdata) for __ctype_table
    isalnum_o.o(.text) refers to ctype_o.o(.text) for __rt_ctype_table
    isalpha_o.o(.text) refers to ctype_o.o(.text) for __rt_ctype_table
    isblank_o.o(.text) refers to ctype_o.o(.constdata) for __ctype_table
    iscntrl_o.o(.text) refers to ctype_o.o(.text) for __rt_ctype_table
    isdigit_o.o(.text) refers to ctype_o.o(.text) for __rt_ctype_table
    isgraph_o.o(.text) refers to ctype_o.o(.text) for __rt_ctype_table
    islower_o.o(.text) refers to ctype_o.o(.text) for __rt_ctype_table
    isprint_o.o(.text) refers to ctype_o.o(.text) for __rt_ctype_table
    ispunct_o.o(.text) refers to ctype_o.o(.text) for __rt_ctype_table
    isspace_o.o(.text) refers to ctype_o.o(.text) for __rt_ctype_table
    isupper_o.o(.text) refers to ctype_o.o(.text) for __rt_ctype_table
    isxdigit_o.o(.text) refers to ctype_o.o(.text) for __rt_ctype_table
    _strtoul.o(.text) refers to _chval.o(.text) for _chval
    _strtoul.o(.text) refers to errno.o(i.__aeabi_errno_addr) for __aeabi_errno_addr


==============================================================================

Removing Unused input sections from the image.

    Removing startup.o(HEAP), (0 bytes).
    Removing uart.o(i.RxFifo_Get), (60 bytes).
    Removing uart.o(i.RxFifo_Init), (36 bytes).
    Removing uart.o(i.TxFifo_Init), (36 bytes).
    Removing uart.o(i.TxFifo_Put), (60 bytes).
    Removing uart.o(i.UART_InChar), (20 bytes).
    Removing uart.o(i.UART_InCharNonBlock), (20 bytes).
    Removing uart.o(i.UART_InString), (70 bytes).
    Removing uart.o(i.UART_InUDec), (76 bytes).
    Removing uart.o(i.UART_InUHex), (108 bytes).
    Removing uart.o(i.UART_Init), (204 bytes).
    Removing uart.o(i.UART_OutChar), (52 bytes).
    Removing uart.o(i.UART_OutString), (24 bytes).
    Removing uart.o(i.UART_OutUDec), (42 bytes).
    Removing uart.o(i.UART_OutUHex), (52 bytes).
    Removing st7735.o(i.Output_Color), (12 bytes).
    Removing st7735.o(i.Output_Init), (16 bytes).
    Removing st7735.o(i.Output_Off), (8 bytes).
    Removing st7735.o(i.Output_On), (8 bytes).
    Removing st7735.o(i.ST7735_DrawBitmap), (292 bytes).
    Removing st7735.o(i.ST7735_DrawChar), (276 bytes).
    Removing st7735.o(i.ST7735_DrawCircle), (172 bytes).
    Removing st7735.o(i.ST7735_DrawFastHLine), (128 bytes).
    Removing st7735.o(i.ST7735_DrawFastVLine), (128 bytes).
    Removing st7735.o(i.ST7735_DrawSmallCircle), (172 bytes).
    Removing st7735.o(i.ST7735_InitB), (40 bytes).
    Removing st7735.o(i.ST7735_OutChar), (216 bytes).
    Removing st7735.o(i.ST7735_OutString), (24 bytes).
    Removing st7735.o(i.ST7735_OutUDec), (140 bytes).
    Removing st7735.o(i.ST7735_PlotBar), (88 bytes).
    Removing st7735.o(i.ST7735_PlotLine), (264 bytes).
    Removing st7735.o(i.ST7735_PlotNext), (32 bytes).
    Removing st7735.o(i.ST7735_PlotNextErase), (64 bytes).
    Removing st7735.o(i.ST7735_PlotPoint), (152 bytes).
    Removing st7735.o(i.ST7735_PlotPoints), (172 bytes).
    Removing st7735.o(i.ST7735_PlotdBfs), (60 bytes).
    Removing st7735.o(i.ST7735_SetRotation), (216 bytes).
    Removing st7735.o(i.ST7735_SwapColor), (18 bytes).
    Removing st7735.o(i.ferror), (8 bytes).
    Removing st7735.o(i.fgetc), (6 bytes).
    Removing st7735.o(i.fillmessage), (72 bytes).
    Removing st7735.o(i.fputc), (16 bytes).
    Removing st7735.o(.bss), (12 bytes).
    Removing esp8266.o(i.ESP8266_AvailableInput), (8 bytes).
    Removing adcswtrigger.o(i.ADC0_InSeq3), (44 bytes).
    Removing adcswtrigger.o(i.ADC0_InitSWTriggerSeq3_Ch9), (232 bytes).
    Removing buttons.o(i.Buttons_Init), (264 bytes).
    Removing buttons.o(.data), (24 bytes).
    Removing lab3.o(i.Pause), (40 bytes).
    Removing lcd.o(i.abs), (14 bytes).
    Removing lcd.o(i.drawLine), (6 bytes).
    Removing lcd.o(i.sgn), (24 bytes).
    Removing pwm.o(i.PWM0A_Duty), (12 bytes).
    Removing pwm.o(i.PWM0B_Duty), (12 bytes).
    Removing pwm.o(i.PWM0B_Init), (188 bytes).
    Removing switch.o(i.GPIOArm), (60 bytes).
    Removing switch.o(i.Switch_Init), (228 bytes).
    Removing switch.o(i.Switch_Input), (12 bytes).
    Removing switch.o(i.Switch_WaitPress), (24 bytes).
    Removing switch.o(i.Switch_WaitRelease), (24 bytes).
    Removing timers.o(i.Timer1A_Init), (116 bytes).

61 unused section(s) (total 5004 bytes) removed from the image.

==============================================================================

Image Symbol Table

    Local Symbols

    Symbol Name                              Value     Ov Type        Size  Object(Section)

    RESET                                    0x00000000   Section      644  startup.o(RESET)
    ../clib/../cmprslib/zerorunl2.c          0x00000000   Number         0  __dczerorl2.o ABSOLUTE
    ../clib/microlib/ctype/ctype.c           0x00000000   Number         0  ispunct_o.o ABSOLUTE
    ../clib/microlib/ctype/ctype.c           0x00000000   Number         0  iscntrl_o.o ABSOLUTE
    ../clib/microlib/ctype/ctype.c           0x00000000   Number         0  isspace_o.o ABSOLUTE
    ../clib/microlib/ctype/ctype.c           0x00000000   Number         0  isupper_o.o ABSOLUTE
    ../clib/microlib/ctype/ctype.c           0x00000000   Number         0  isxdigit_o.o ABSOLUTE
    ../clib/microlib/ctype/ctype.c           0x00000000   Number         0  isalpha_o.o ABSOLUTE
    ../clib/microlib/ctype/ctype.c           0x00000000   Number         0  isalnum_o.o ABSOLUTE
    ../clib/microlib/ctype/ctype.c           0x00000000   Number         0  isprint_o.o ABSOLUTE
    ../clib/microlib/ctype/ctype.c           0x00000000   Number         0  islower_o.o ABSOLUTE
    ../clib/microlib/ctype/ctype.c           0x00000000   Number         0  isgraph_o.o ABSOLUTE
    ../clib/microlib/ctype/ctype.c           0x00000000   Number         0  isdigit_o.o ABSOLUTE
    ../clib/microlib/ctype/ctype.c           0x00000000   Number         0  isblank_o.o ABSOLUTE
    ../clib/microlib/ctype/ctype.c           0x00000000   Number         0  ctype_o.o ABSOLUTE
    ../clib/microlib/errno.c                 0x00000000   Number         0  errno.o ABSOLUTE
    ../clib/microlib/init/entry.s            0x00000000   Number         0  entry7a.o ABSOLUTE
    ../clib/microlib/init/entry.s            0x00000000   Number         0  entry7b.o ABSOLUTE
    ../clib/microlib/init/entry.s            0x00000000   Number         0  entry8a.o ABSOLUTE
    ../clib/microlib/init/entry.s            0x00000000   Number         0  entry8b.o ABSOLUTE
    ../clib/microlib/init/entry.s            0x00000000   Number         0  entry9a.o ABSOLUTE
    ../clib/microlib/init/entry.s            0x00000000   Number         0  entry.o ABSOLUTE
    ../clib/microlib/init/entry.s            0x00000000   Number         0  entry10b.o ABSOLUTE
    ../clib/microlib/init/entry.s            0x00000000   Number         0  entry9b.o ABSOLUTE
    ../clib/microlib/init/entry.s            0x00000000   Number         0  entry11b.o ABSOLUTE
    ../clib/microlib/init/entry.s            0x00000000   Number         0  entry11a.o ABSOLUTE
    ../clib/microlib/init/entry.s            0x00000000   Number         0  entry10a.o ABSOLUTE
    ../clib/microlib/init/entry.s            0x00000000   Number         0  entry5.o ABSOLUTE
    ../clib/microlib/init/entry.s            0x00000000   Number         0  entry2.o ABSOLUTE
    ../clib/microlib/string/strcpy.c         0x00000000   Number         0  strcpy.o ABSOLUTE
    ../clib/microlib/string/strtok.c         0x00000000   Number         0  strtok.o ABSOLUTE
    ../clib/microlib/string/strtok.c         0x00000000   Number         0  strtok_r.o ABSOLUTE
    ../clib/scanf.c                          0x00000000   Number         0  _strtoul.o ABSOLUTE
    ../clib/scanf.c                          0x00000000   Number         0  strtol.o ABSOLUTE
    ../clib/scanf.c                          0x00000000   Number         0  atoi.o ABSOLUTE
    ../clib/scanf.c                          0x00000000   Number         0  _chval.o ABSOLUTE
    Blynk.c                                  0x00000000   Number         0  blynk.o ABSOLUTE
    C:\Users\jmars\Downloads\lab4-master\lab4-master\Lab4\ADCSWTrigger.c 0x00000000   Number         0  adcswtrigger.o ABSOLUTE
    C:\Users\jmars\Downloads\lab4-master\lab4-master\Lab4\Button.c 0x00000000   Number         0  button.o ABSOLUTE
    C:\Users\jmars\Downloads\lab4-master\lab4-master\Lab4\Buttons.c 0x00000000   Number         0  buttons.o ABSOLUTE
    C:\Users\jmars\Downloads\lab4-master\lab4-master\Lab4\LCD.c 0x00000000   Number         0  lcd.o ABSOLUTE
    C:\Users\jmars\Downloads\lab4-master\lab4-master\Lab4\Lab3.c 0x00000000   Number         0  lab3.o ABSOLUTE
    C:\Users\jmars\Downloads\lab4-master\lab4-master\Lab4\PWM.c 0x00000000   Number         0  pwm.o ABSOLUTE
    C:\Users\jmars\Downloads\lab4-master\lab4-master\Lab4\Speaker.c 0x00000000   Number         0  speaker.o ABSOLUTE
    C:\Users\jmars\Downloads\lab4-master\lab4-master\Lab4\Switch.c 0x00000000   Number         0  switch.o ABSOLUTE
    C:\Users\jmars\Downloads\lab4-master\lab4-master\Lab4\Systick.c 0x00000000   Number         0  systick.o ABSOLUTE
    C:\Users\jmars\Downloads\lab4-master\lab4-master\Lab4\Timers.c 0x00000000   Number         0  timers.o ABSOLUTE
    PLL.c                                    0x00000000   Number         0  pll.o ABSOLUTE
    PortF.c                                  0x00000000   Number         0  portf.o ABSOLUTE
    ST7735.c                                 0x00000000   Number         0  st7735.o ABSOLUTE
    Timer2.c                                 0x00000000   Number         0  timer2.o ABSOLUTE
    Timer3.c                                 0x00000000   Number         0  timer3.o ABSOLUTE
    UART.c                                   0x00000000   Number         0  uart.o ABSOLUTE
    dc.s                                     0x00000000   Number         0  dc.o ABSOLUTE
    esp8266.c                                0x00000000   Number         0  esp8266.o ABSOLUTE
    handlers.s                               0x00000000   Number         0  handlers.o ABSOLUTE
    init.s                                   0x00000000   Number         0  init.o ABSOLUTE
    startup.s                                0x00000000   Number         0  startup.o ABSOLUTE
    .ARM.Collect$$$$00000000                 0x00000284   Section        0  entry.o(.ARM.Collect$$$$00000000)
    .ARM.Collect$$$$00000001                 0x00000284   Section        4  entry2.o(.ARM.Collect$$$$00000001)
    .ARM.Collect$$$$00000004                 0x00000288   Section        4  entry5.o(.ARM.Collect$$$$00000004)
    .ARM.Collect$$$$00000008                 0x0000028c   Section        0  entry7b.o(.ARM.Collect$$$$00000008)
    .ARM.Collect$$$$0000000A                 0x0000028c   Section        0  entry8b.o(.ARM.Collect$$$$0000000A)
    .ARM.Collect$$$$0000000B                 0x0000028c   Section        8  entry9a.o(.ARM.Collect$$$$0000000B)
    .ARM.Collect$$$$0000000D                 0x00000294   Section        0  entry10a.o(.ARM.Collect$$$$0000000D)
    .ARM.Collect$$$$0000000F                 0x00000294   Section        0  entry11a.o(.ARM.Collect$$$$0000000F)
    .ARM.Collect$$$$00002712                 0x00000294   Section        4  entry2.o(.ARM.Collect$$$$00002712)
    __lit__00000000                          0x00000294   Data           4  entry2.o(.ARM.Collect$$$$00002712)
    .text                                    0x00000298   Section       28  startup.o(.text)
    .text                                    0x000002b4   Section        0  strcpy.o(.text)
    .text                                    0x000002c8   Section        0  strtok.o(.text)
    .text                                    0x0000030c   Section        0  atoi.o(.text)
    .text                                    0x00000326   Section        0  strtol.o(.text)
    .text                                    0x00000398   Section       36  init.o(.text)
    .text                                    0x000003bc   Section        0  ctype_o.o(.text)
    .text                                    0x000003c4   Section        0  _strtoul.o(.text)
    .text                                    0x00000462   Section        0  _chval.o(.text)
    .text                                    0x0000047e   Section        0  __dczerorl2.o(.text)
    i.Blynk_to_TM4C                          0x000004d4   Section        0  lab3.o(i.Blynk_to_TM4C)
    i.Delay1ms                               0x00000554   Section        0  st7735.o(i.Delay1ms)
    i.DelayMs                                0x00000574   Section        0  esp8266.o(i.DelayMs)
    i.DelayWait10ms                          0x00000594   Section        0  buttons.o(i.DelayWait10ms)
    i.ESP8266_GetMessage                     0x000005b4   Section        0  esp8266.o(i.ESP8266_GetMessage)
    i.ESP8266_Init                           0x00000604   Section        0  esp8266.o(i.ESP8266_Init)
    i.ESP8266_OutChar                        0x0000068c   Section        0  esp8266.o(i.ESP8266_OutChar)
    i.ESP8266_OutString                      0x000006c0   Section        0  esp8266.o(i.ESP8266_OutString)
    i.ESP8266_OutUDec                        0x000006d8   Section        0  esp8266.o(i.ESP8266_OutUDec)
    i.ESP8266_Reset                          0x00000704   Section        0  esp8266.o(i.ESP8266_Reset)
    i.ESP8266_SetupWiFi                      0x00000730   Section        0  esp8266.o(i.ESP8266_SetupWiFi)
    i.GPIOPortB_Handler                      0x000007ac   Section        0  buttons.o(i.GPIOPortB_Handler)
    i.GPIOPortF_Handler                      0x000007c0   Section        0  switch.o(i.GPIOPortF_Handler)
    i.Output_Clear                           0x0000080c   Section        0  st7735.o(i.Output_Clear)
    i.PLL_Init                               0x00000818   Section        0  pll.o(i.PLL_Init)
    i.PWM0A_Init                             0x00000894   Section        0  pwm.o(i.PWM0A_Init)
    i.PortF_Init                             0x0000094c   Section        0  lab3.o(i.PortF_Init)
    i.Rx5Fifo_Init                           0x000009d8   Section        0  esp8266.o(i.Rx5Fifo_Init)
    i.Rx5Fifo_Put                            0x00000a04   Section        0  esp8266.o(i.Rx5Fifo_Put)
    i.Rx5Fifo_Size                           0x00000ad4   Section        0  esp8266.o(i.Rx5Fifo_Size)
    i.RxFifo_Put                             0x00000ae8   Section        0  uart.o(i.RxFifo_Put)
    i.RxFifo_Size                            0x00000b24   Section        0  uart.o(i.RxFifo_Size)
    i.ST7735_Color565                        0x00000b38   Section        0  st7735.o(i.ST7735_Color565)
    i.ST7735_DrawCharS                       0x00000b50   Section        0  st7735.o(i.ST7735_DrawCharS)
    i.ST7735_DrawPixel                       0x00000c48   Section        0  st7735.o(i.ST7735_DrawPixel)
    i.ST7735_DrawString                      0x00000c94   Section        0  st7735.o(i.ST7735_DrawString)
    i.ST7735_FillRect                        0x00000cec   Section        0  st7735.o(i.ST7735_FillRect)
    i.ST7735_FillScreen                      0x00000d9c   Section        0  st7735.o(i.ST7735_FillScreen)
    i.ST7735_InitR                           0x00000dc0   Section        0  st7735.o(i.ST7735_InitR)
    i.ST7735_InvertDisplay                   0x00000e3c   Section        0  st7735.o(i.ST7735_InvertDisplay)
    i.ST7735_PlotClear                       0x00000e58   Section        0  st7735.o(i.ST7735_PlotClear)
    i.ST7735_SetCursor                       0x00000eb4   Section        0  st7735.o(i.ST7735_SetCursor)
    i.ST7735_SetTextColor                    0x00000ed4   Section        0  st7735.o(i.ST7735_SetTextColor)
    i.ST7735_XYplot                          0x00000ee0   Section        0  lcd.o(i.ST7735_XYplot)
    i.ST7735_XYplotInit                      0x00000f54   Section        0  lcd.o(i.ST7735_XYplotInit)
    i.SendInformation                        0x00000fb8   Section        0  lab3.o(i.SendInformation)
    i.TM4C_to_Blynk                          0x00001014   Section        0  lab3.o(i.TM4C_to_Blynk)
    i.Timer0A_Handler                        0x00001050   Section        0  timers.o(i.Timer0A_Handler)
    i.Timer0A_Init100HzInt                   0x00001090   Section        0  timers.o(i.Timer0A_Init100HzInt)
    i.Timer0Arm                              0x00001104   Section        0  switch.o(i.Timer0Arm)
    Timer0Arm                                0x00001105   Thumb Code    58  switch.o(i.Timer0Arm)
    i.Timer1A_Handler                        0x00001150   Section        0  timers.o(i.Timer1A_Handler)
    i.Timer2A_Handler                        0x0000115c   Section        0  timer2.o(i.Timer2A_Handler)
    i.Timer2_Init                            0x00001174   Section        0  timer2.o(i.Timer2_Init)
    i.Timer3A_Handler                        0x000011d4   Section        0  timer3.o(i.Timer3A_Handler)
    i.Timer3_Init                            0x000011ec   Section        0  timer3.o(i.Timer3_Init)
    i.Tx5Fifo_Get                            0x00001248   Section        0  esp8266.o(i.Tx5Fifo_Get)
    i.Tx5Fifo_Init                           0x00001280   Section        0  esp8266.o(i.Tx5Fifo_Init)
    i.Tx5Fifo_Put                            0x000012a4   Section        0  esp8266.o(i.Tx5Fifo_Put)
    i.Tx5Fifo_Size                           0x000012e0   Section        0  esp8266.o(i.Tx5Fifo_Size)
    i.TxFifo_Get                             0x000012f4   Section        0  uart.o(i.TxFifo_Get)
    i.TxFifo_Size                            0x00001330   Section        0  uart.o(i.TxFifo_Size)
    i.UART0_Handler                          0x00001344   Section        0  uart.o(i.UART0_Handler)
    i.UART5_Handler                          0x0000139c   Section        0  esp8266.o(i.UART5_Handler)
    i.UART5_Init                             0x000013f4   Section        0  esp8266.o(i.UART5_Init)
    i.__aeabi_errno_addr                     0x000014cc   Section        0  errno.o(i.__aeabi_errno_addr)
    i.__scatterload_copy                     0x000014d4   Section       14  handlers.o(i.__scatterload_copy)
    i.__scatterload_null                     0x000014e2   Section        2  handlers.o(i.__scatterload_null)
    i.__scatterload_zeroinit                 0x000014e4   Section       14  handlers.o(i.__scatterload_zeroinit)
    i.commandList                            0x000014f2   Section        0  st7735.o(i.commandList)
    commandList                              0x000014f3   Thumb Code    86  st7735.o(i.commandList)
    i.commonInit                             0x00001548   Section        0  st7735.o(i.commonInit)
    commonInit                               0x00001549   Thumb Code   342  st7735.o(i.commonInit)
    i.copyHardwareToSoftware                 0x000016d0   Section        0  uart.o(i.copyHardwareToSoftware)
    copyHardwareToSoftware                   0x000016d1   Thumb Code    36  uart.o(i.copyHardwareToSoftware)
    i.copyHardwareToSoftware5                0x000016f8   Section        0  esp8266.o(i.copyHardwareToSoftware5)
    copyHardwareToSoftware5                  0x000016f9   Thumb Code    36  esp8266.o(i.copyHardwareToSoftware5)
    i.copySoftwareToHardware                 0x00001720   Section        0  uart.o(i.copySoftwareToHardware)
    copySoftwareToHardware                   0x00001721   Thumb Code    38  uart.o(i.copySoftwareToHardware)
    i.copySoftwareToHardware5                0x0000174c   Section        0  esp8266.o(i.copySoftwareToHardware5)
    copySoftwareToHardware5                  0x0000174d   Thumb Code    38  esp8266.o(i.copySoftwareToHardware5)
    i.deselect                               0x00001778   Section        0  st7735.o(i.deselect)
    deselect                                 0x00001779   Thumb Code    24  st7735.o(i.deselect)
    i.enableHeartbeat                        0x00001794   Section        0  lab3.o(i.enableHeartbeat)
    i.itoa_simple                            0x00001796   Section        0  lcd.o(i.itoa_simple)
    i.itoa_simple_helper                     0x000017bc   Section        0  lcd.o(i.itoa_simple_helper)
    itoa_simple_helper                       0x000017bd   Thumb Code    52  lcd.o(i.itoa_simple_helper)
    i.main                                   0x000017f0   Section        0  lab3.o(i.main)
    i.outputAlarm                            0x00001918   Section        0  lcd.o(i.outputAlarm)
    i.outputLCD                              0x00001a88   Section        0  lcd.o(i.outputLCD)
    i.outputSpeaker                          0x00001dc4   Section        0  speaker.o(i.outputSpeaker)
    i.outputTime                             0x00001de8   Section        0  lcd.o(i.outputTime)
    i.outputTime2                            0x00001f58   Section        0  lcd.o(i.outputTime2)
    i.processInput                           0x00001f78   Section        0  buttons.o(i.processInput)
    i.pushColor                              0x000022d4   Section        0  st7735.o(i.pushColor)
    pushColor                                0x000022d5   Thumb Code    18  st7735.o(i.pushColor)
    i.readInput                              0x000022e8   Section        0  buttons.o(i.readInput)
    i.setAddrWindow                          0x0000259c   Section        0  st7735.o(i.setAddrWindow)
    setAddrWindow                            0x0000259d   Thumb Code   106  st7735.o(i.setAddrWindow)
    i.switchInit                             0x00002610   Section        0  lab3.o(i.switchInit)
    i.timerInit                              0x00002612   Section        0  lab3.o(i.timerInit)
    i.writecommand                           0x00002614   Section        0  st7735.o(i.writecommand)
    writecommand                             0x00002615   Thumb Code    46  st7735.o(i.writecommand)
    i.writedata                              0x0000264c   Section        0  st7735.o(i.writedata)
    writedata                                0x0000264d   Thumb Code    26  st7735.o(i.writedata)
    .constdata                               0x00002670   Section     2114  st7735.o(.constdata)
    Font                                     0x00002670   Data        1275  st7735.o(.constdata)
    Bcmd                                     0x00002b6b   Data         103  st7735.o(.constdata)
    Rcmd1                                    0x00002bd2   Data          59  st7735.o(.constdata)
    Rcmd2green                               0x00002c0d   Data          13  st7735.o(.constdata)
    Rcmd2red                                 0x00002c1a   Data          13  st7735.o(.constdata)
    Rcmd3                                    0x00002c27   Data          43  st7735.o(.constdata)
    .constdata                               0x00002eb4   Section     1440  lcd.o(.constdata)
    .constdata                               0x00003454   Section      129  ctype_o.o(.constdata)
    .constdata                               0x000034d8   Section        4  ctype_o.o(.constdata)
    table                                    0x000034d8   Data           4  ctype_o.o(.constdata)
    .data                                    0x20000000   Section       16  uart.o(.data)
    .data                                    0x20000010   Section       44  st7735.o(.data)
    ColStart                                 0x2000001a   Data           1  st7735.o(.data)
    RowStart                                 0x2000001b   Data           1  st7735.o(.data)
    Rotation                                 0x2000001c   Data           1  st7735.o(.data)
    TabColor                                 0x2000001d   Data           1  st7735.o(.data)
    _width                                   0x2000001e   Data           2  st7735.o(.data)
    _height                                  0x20000020   Data           2  st7735.o(.data)
    .data                                    0x2000003c   Section        4  timer2.o(.data)
    .data                                    0x20000040   Section        4  timer3.o(.data)
    .data                                    0x20000044   Section      148  esp8266.o(.data)
    .data                                    0x200000d8   Section      100  lab3.o(.data)
    .data                                    0x2000013c   Section       20  switch.o(.data)
    Touch                                    0x2000013c   Data           4  switch.o(.data)
    Release                                  0x20000140   Data           4  switch.o(.data)
    Last                                     0x20000144   Data           4  switch.o(.data)
    .data                                    0x20000150   Section        4  strtok.o(.data)
    state                                    0x20000150   Data           4  strtok.o(.data)
    .data                                    0x20000154   Section        4  errno.o(.data)
    _errno                                   0x20000154   Data           4  errno.o(.data)
    .bss                                     0x20000158   Section      128  uart.o(.bss)
    RxFifo                                   0x20000158   Data          64  uart.o(.bss)
    TxFifo                                   0x20000198   Data          64  uart.o(.bss)
    .bss                                     0x200001d8   Section      832  esp8266.o(.bss)
    Tx5Fifo                                  0x20000418   Data         256  esp8266.o(.bss)
    .bss                                     0x20000518   Section       64  lab3.o(.bss)
    STACK                                    0x20000558   Section     1024  startup.o(STACK)
    StackMem                                 0x20000558   Data           0  startup.o(STACK)

    Global Symbols

    Symbol Name                              Value     Ov Type        Size  Object(Section)

    BuildAttributes$$THM_ISAv4$E$P$D$K$B$S$7EM$PE$A:L22UL41UL21$X:L11$S22US41US21$IEEE1$IW$USESV6$~STKCKD$USESV7$~SHL$OSPACE$EBA8$MICROLIB$REQ8$PRES8$EABIv2 0x00000000   Number         0  anon$$obj.o ABSOLUTE
    __ARM_use_no_argv                        0x00000000   Number         0  lab3.o ABSOLUTE
    __Vectors                                0x00000000   Data           0  startup.o(RESET)
    __cpp_initialize__aeabi_                  - Undefined Weak Reference
    __cxa_finalize                            - Undefined Weak Reference
    _clock_init                               - Undefined Weak Reference
    _microlib_exit                            - Undefined Weak Reference
    Reset_Handler                            0x0000026d   Thumb Code     0  startup.o(RESET)
    NMI_Handler                              0x00000271   Thumb Code     2  startup.o(RESET)
    HardFault_Handler                        0x00000273   Thumb Code     2  startup.o(RESET)
    MemManage_Handler                        0x00000275   Thumb Code     2  startup.o(RESET)
    BusFault_Handler                         0x00000277   Thumb Code     2  startup.o(RESET)
    UsageFault_Handler                       0x00000279   Thumb Code     2  startup.o(RESET)
    SVC_Handler                              0x0000027b   Thumb Code     2  startup.o(RESET)
    DebugMon_Handler                         0x0000027d   Thumb Code     2  startup.o(RESET)
    PendSV_Handler                           0x0000027f   Thumb Code     2  startup.o(RESET)
    SysTick_Handler                          0x00000281   Thumb Code     2  startup.o(RESET)
    ADC0Seq0_Handler                         0x00000283   Thumb Code     0  startup.o(RESET)
    ADC0Seq1_Handler                         0x00000283   Thumb Code     0  startup.o(RESET)
    ADC0Seq2_Handler                         0x00000283   Thumb Code     0  startup.o(RESET)
    ADC0Seq3_Handler                         0x00000283   Thumb Code     0  startup.o(RESET)
    ADC1Seq0_Handler                         0x00000283   Thumb Code     0  startup.o(RESET)
    ADC1Seq1_Handler                         0x00000283   Thumb Code     0  startup.o(RESET)
    ADC1Seq2_Handler                         0x00000283   Thumb Code     0  startup.o(RESET)
    ADC1Seq3_Handler                         0x00000283   Thumb Code     0  startup.o(RESET)
    CAN0_Handler                             0x00000283   Thumb Code     0  startup.o(RESET)
    CAN1_Handler                             0x00000283   Thumb Code     0  startup.o(RESET)
    CAN2_Handler                             0x00000283   Thumb Code     0  startup.o(RESET)
    Comp0_Handler                            0x00000283   Thumb Code     0  startup.o(RESET)
    Comp1_Handler                            0x00000283   Thumb Code     0  startup.o(RESET)
    Comp2_Handler                            0x00000283   Thumb Code     0  startup.o(RESET)
    Ethernet_Handler                         0x00000283   Thumb Code     0  startup.o(RESET)
    ExtBus_Handler                           0x00000283   Thumb Code     0  startup.o(RESET)
    FPU_Handler                              0x00000283   Thumb Code     0  startup.o(RESET)
    Fan0_Handler                             0x00000283   Thumb Code     0  startup.o(RESET)
    FlashCtl_Handler                         0x00000283   Thumb Code     0  startup.o(RESET)
    GPIOPortA_Handler                        0x00000283   Thumb Code     0  startup.o(RESET)
    GPIOPortC_Handler                        0x00000283   Thumb Code     0  startup.o(RESET)
    GPIOPortD_Handler                        0x00000283   Thumb Code     0  startup.o(RESET)
    GPIOPortE_Handler                        0x00000283   Thumb Code     0  startup.o(RESET)
    GPIOPortG_Handler                        0x00000283   Thumb Code     0  startup.o(RESET)
    GPIOPortH_Handler                        0x00000283   Thumb Code     0  startup.o(RESET)
    GPIOPortJ_Handler                        0x00000283   Thumb Code     0  startup.o(RESET)
    GPIOPortK_Handler                        0x00000283   Thumb Code     0  startup.o(RESET)
    GPIOPortL_Handler                        0x00000283   Thumb Code     0  startup.o(RESET)
    GPIOPortM_Handler                        0x00000283   Thumb Code     0  startup.o(RESET)
    GPIOPortN_Handler                        0x00000283   Thumb Code     0  startup.o(RESET)
    GPIOPortP1_Handler                       0x00000283   Thumb Code     0  startup.o(RESET)
    GPIOPortP2_Handler                       0x00000283   Thumb Code     0  startup.o(RESET)
    GPIOPortP3_Handler                       0x00000283   Thumb Code     0  startup.o(RESET)
    GPIOPortP4_Handler                       0x00000283   Thumb Code     0  startup.o(RESET)
    GPIOPortP5_Handler                       0x00000283   Thumb Code     0  startup.o(RESET)
    GPIOPortP6_Handler                       0x00000283   Thumb Code     0  startup.o(RESET)
    GPIOPortP7_Handler                       0x00000283   Thumb Code     0  startup.o(RESET)
    GPIOPortP_Handler                        0x00000283   Thumb Code     0  startup.o(RESET)
    GPIOPortQ1_Handler                       0x00000283   Thumb Code     0  startup.o(RESET)
    GPIOPortQ2_Handler                       0x00000283   Thumb Code     0  startup.o(RESET)
    GPIOPortQ3_Handler                       0x00000283   Thumb Code     0  startup.o(RESET)
    GPIOPortQ4_Handler                       0x00000283   Thumb Code     0  startup.o(RESET)
    GPIOPortQ5_Handler                       0x00000283   Thumb Code     0  startup.o(RESET)
    GPIOPortQ6_Handler                       0x00000283   Thumb Code     0  startup.o(RESET)
    GPIOPortQ7_Handler                       0x00000283   Thumb Code     0  startup.o(RESET)
    GPIOPortQ_Handler                        0x00000283   Thumb Code     0  startup.o(RESET)
    GPIOPortR_Handler                        0x00000283   Thumb Code     0  startup.o(RESET)
    GPIOPortS_Handler                        0x00000283   Thumb Code     0  startup.o(RESET)
    Hibernate_Handler                        0x00000283   Thumb Code     0  startup.o(RESET)
    I2C0_Handler                             0x00000283   Thumb Code     0  startup.o(RESET)
    I2C1_Handler                             0x00000283   Thumb Code     0  startup.o(RESET)
    I2C2_Handler                             0x00000283   Thumb Code     0  startup.o(RESET)
    I2C3_Handler                             0x00000283   Thumb Code     0  startup.o(RESET)
    I2C4_Handler                             0x00000283   Thumb Code     0  startup.o(RESET)
    I2C5_Handler                             0x00000283   Thumb Code     0  startup.o(RESET)
    I2S0_Handler                             0x00000283   Thumb Code     0  startup.o(RESET)
    LPC0_Handler                             0x00000283   Thumb Code     0  startup.o(RESET)
    PECI0_Handler                            0x00000283   Thumb Code     0  startup.o(RESET)
    PWM0Fault_Handler                        0x00000283   Thumb Code     0  startup.o(RESET)
    PWM0Generator0_Handler                   0x00000283   Thumb Code     0  startup.o(RESET)
    PWM0Generator1_Handler                   0x00000283   Thumb Code     0  startup.o(RESET)
    PWM0Generator2_Handler                   0x00000283   Thumb Code     0  startup.o(RESET)
    PWM0Generator3_Handler                   0x00000283   Thumb Code     0  startup.o(RESET)
    PWM1Fault_Handler                        0x00000283   Thumb Code     0  startup.o(RESET)
    PWM1Generator0_Handler                   0x00000283   Thumb Code     0  startup.o(RESET)
    PWM1Generator1_Handler                   0x00000283   Thumb Code     0  startup.o(RESET)
    PWM1Generator2_Handler                   0x00000283   Thumb Code     0  startup.o(RESET)
    PWM1Generator3_Handler                   0x00000283   Thumb Code     0  startup.o(RESET)
    Quadrature0_Handler                      0x00000283   Thumb Code     0  startup.o(RESET)
    Quadrature1_Handler                      0x00000283   Thumb Code     0  startup.o(RESET)
    Quadrature2_Handler                      0x00000283   Thumb Code     0  startup.o(RESET)
    SSI0_Handler                             0x00000283   Thumb Code     0  startup.o(RESET)
    SSI1_Handler                             0x00000283   Thumb Code     0  startup.o(RESET)
    SSI2_Handler                             0x00000283   Thumb Code     0  startup.o(RESET)
    SSI3_Handler                             0x00000283   Thumb Code     0  startup.o(RESET)
    SysCtl_Handler                           0x00000283   Thumb Code     0  startup.o(RESET)
    Timer0B_Handler                          0x00000283   Thumb Code     0  startup.o(RESET)
    Timer1B_Handler                          0x00000283   Thumb Code     0  startup.o(RESET)
    Timer2B_Handler                          0x00000283   Thumb Code     0  startup.o(RESET)
    Timer3B_Handler                          0x00000283   Thumb Code     0  startup.o(RESET)
    Timer4A_Handler                          0x00000283   Thumb Code     0  startup.o(RESET)
    Timer4B_Handler                          0x00000283   Thumb Code     0  startup.o(RESET)
    Timer5A_Handler                          0x00000283   Thumb Code     0  startup.o(RESET)
    Timer5B_Handler                          0x00000283   Thumb Code     0  startup.o(RESET)
    UART1_Handler                            0x00000283   Thumb Code     0  startup.o(RESET)
    UART2_Handler                            0x00000283   Thumb Code     0  startup.o(RESET)
    UART3_Handler                            0x00000283   Thumb Code     0  startup.o(RESET)
    UART4_Handler                            0x00000283   Thumb Code     0  startup.o(RESET)
    UART6_Handler                            0x00000283   Thumb Code     0  startup.o(RESET)
    UART7_Handler                            0x00000283   Thumb Code     0  startup.o(RESET)
    USB0_Handler                             0x00000283   Thumb Code     0  startup.o(RESET)
    WDT_Handler                              0x00000283   Thumb Code     0  startup.o(RESET)
    WideTimer0A_Handler                      0x00000283   Thumb Code     0  startup.o(RESET)
    WideTimer0B_Handler                      0x00000283   Thumb Code     0  startup.o(RESET)
    WideTimer1A_Handler                      0x00000283   Thumb Code     0  startup.o(RESET)
    WideTimer1B_Handler                      0x00000283   Thumb Code     0  startup.o(RESET)
    WideTimer2A_Handler                      0x00000283   Thumb Code     0  startup.o(RESET)
    WideTimer2B_Handler                      0x00000283   Thumb Code     0  startup.o(RESET)
    WideTimer3A_Handler                      0x00000283   Thumb Code     0  startup.o(RESET)
    WideTimer3B_Handler                      0x00000283   Thumb Code     0  startup.o(RESET)
    WideTimer4A_Handler                      0x00000283   Thumb Code     0  startup.o(RESET)
    WideTimer4B_Handler                      0x00000283   Thumb Code     0  startup.o(RESET)
    WideTimer5A_Handler                      0x00000283   Thumb Code     0  startup.o(RESET)
    WideTimer5B_Handler                      0x00000283   Thumb Code     0  startup.o(RESET)
    uDMA_Error                               0x00000283   Thumb Code     0  startup.o(RESET)
    uDMA_Handler                             0x00000283   Thumb Code     0  startup.o(RESET)
    __main                                   0x00000285   Thumb Code     0  entry.o(.ARM.Collect$$$$00000000)
    _main_stk                                0x00000285   Thumb Code     0  entry2.o(.ARM.Collect$$$$00000001)
    _main_scatterload                        0x00000289   Thumb Code     0  entry5.o(.ARM.Collect$$$$00000004)
    __main_after_scatterload                 0x0000028d   Thumb Code     0  entry5.o(.ARM.Collect$$$$00000004)
    _main_clock                              0x0000028d   Thumb Code     0  entry7b.o(.ARM.Collect$$$$00000008)
    _main_cpp_init                           0x0000028d   Thumb Code     0  entry8b.o(.ARM.Collect$$$$0000000A)
    _main_init                               0x0000028d   Thumb Code     0  entry9a.o(.ARM.Collect$$$$0000000B)
    __rt_final_cpp                           0x00000295   Thumb Code     0  entry10a.o(.ARM.Collect$$$$0000000D)
    __rt_final_exit                          0x00000295   Thumb Code     0  entry11a.o(.ARM.Collect$$$$0000000F)
    DisableInterrupts                        0x00000299   Thumb Code     0  startup.o(.text)
    EnableInterrupts                         0x0000029d   Thumb Code     0  startup.o(.text)
    StartCritical                            0x000002a1   Thumb Code     0  startup.o(.text)
    EndCritical                              0x000002a9   Thumb Code     0  startup.o(.text)
    WaitForInterrupt                         0x000002af   Thumb Code     0  startup.o(.text)
    strcpy                                   0x000002b5   Thumb Code    18  strcpy.o(.text)
    strtok                                   0x000002c9   Thumb Code    62  strtok.o(.text)
    atoi                                     0x0000030d   Thumb Code    26  atoi.o(.text)
    strtol                                   0x00000327   Thumb Code   112  strtol.o(.text)
    __scatterload                            0x00000399   Thumb Code    28  init.o(.text)
    __scatterload_rt2                        0x00000399   Thumb Code     0  init.o(.text)
    __rt_ctype_table                         0x000003bd   Thumb Code     4  ctype_o.o(.text)
    _strtoul                                 0x000003c5   Thumb Code   158  _strtoul.o(.text)
    _chval                                   0x00000463   Thumb Code    28  _chval.o(.text)
    __decompress                             0x0000047f   Thumb Code     0  __dczerorl2.o(.text)
    __decompress1                            0x0000047f   Thumb Code    86  __dczerorl2.o(.text)
    Blynk_to_TM4C                            0x000004d5   Thumb Code    98  lab3.o(i.Blynk_to_TM4C)
    Delay1ms                                 0x00000555   Thumb Code    32  st7735.o(i.Delay1ms)
    DelayMs                                  0x00000575   Thumb Code    32  esp8266.o(i.DelayMs)
    DelayWait10ms                            0x00000595   Thumb Code    32  buttons.o(i.DelayWait10ms)
    ESP8266_GetMessage                       0x000005b5   Thumb Code    66  esp8266.o(i.ESP8266_GetMessage)
    ESP8266_Init                             0x00000605   Thumb Code   120  esp8266.o(i.ESP8266_Init)
    ESP8266_OutChar                          0x0000068d   Thumb Code    46  esp8266.o(i.ESP8266_OutChar)
    ESP8266_OutString                        0x000006c1   Thumb Code    24  esp8266.o(i.ESP8266_OutString)
    ESP8266_OutUDec                          0x000006d9   Thumb Code    42  esp8266.o(i.ESP8266_OutUDec)
    ESP8266_Reset                            0x00000705   Thumb Code    38  esp8266.o(i.ESP8266_Reset)
    ESP8266_SetupWiFi                        0x00000731   Thumb Code   104  esp8266.o(i.ESP8266_SetupWiFi)
    GPIOPortB_Handler                        0x000007ad   Thumb Code    14  buttons.o(i.GPIOPortB_Handler)
    GPIOPortF_Handler                        0x000007c1   Thumb Code    52  switch.o(i.GPIOPortF_Handler)
    Output_Clear                             0x0000080d   Thumb Code    10  st7735.o(i.Output_Clear)
    PLL_Init                                 0x00000819   Thumb Code   120  pll.o(i.PLL_Init)
    PWM0A_Init                               0x00000895   Thumb Code   160  pwm.o(i.PWM0A_Init)
    PortF_Init                               0x0000094d   Thumb Code   116  lab3.o(i.PortF_Init)
    Rx5Fifo_Init                             0x000009d9   Thumb Code    30  esp8266.o(i.Rx5Fifo_Init)
    Rx5Fifo_Put                              0x00000a05   Thumb Code   192  esp8266.o(i.Rx5Fifo_Put)
    Rx5Fifo_Size                             0x00000ad5   Thumb Code    12  esp8266.o(i.Rx5Fifo_Size)
    RxFifo_Put                               0x00000ae9   Thumb Code    48  uart.o(i.RxFifo_Put)
    RxFifo_Size                              0x00000b25   Thumb Code    12  uart.o(i.RxFifo_Size)
    ST7735_Color565                          0x00000b39   Thumb Code    24  st7735.o(i.ST7735_Color565)
    ST7735_DrawCharS                         0x00000b51   Thumb Code   236  st7735.o(i.ST7735_DrawCharS)
    ST7735_DrawPixel                         0x00000c49   Thumb Code    68  st7735.o(i.ST7735_DrawPixel)
    ST7735_DrawString                        0x00000c95   Thumb Code    86  st7735.o(i.ST7735_DrawString)
    ST7735_FillRect                          0x00000ced   Thumb Code   168  st7735.o(i.ST7735_FillRect)
    ST7735_FillScreen                        0x00000d9d   Thumb Code    28  st7735.o(i.ST7735_FillScreen)
    ST7735_InitR                             0x00000dc1   Thumb Code    90  st7735.o(i.ST7735_InitR)
    ST7735_InvertDisplay                     0x00000e3d   Thumb Code    26  st7735.o(i.ST7735_InvertDisplay)
    ST7735_PlotClear                         0x00000e59   Thumb Code    74  st7735.o(i.ST7735_PlotClear)
    ST7735_SetCursor                         0x00000eb5   Thumb Code    22  st7735.o(i.ST7735_SetCursor)
    ST7735_SetTextColor                      0x00000ed5   Thumb Code     6  st7735.o(i.ST7735_SetTextColor)
    ST7735_XYplot                            0x00000ee1   Thumb Code   100  lcd.o(i.ST7735_XYplot)
    ST7735_XYplotInit                        0x00000f55   Thumb Code    74  lcd.o(i.ST7735_XYplotInit)
    SendInformation                          0x00000fb9   Thumb Code    82  lab3.o(i.SendInformation)
    TM4C_to_Blynk                            0x00001015   Thumb Code    50  lab3.o(i.TM4C_to_Blynk)
    Timer0A_Handler                          0x00001051   Thumb Code    52  timers.o(i.Timer0A_Handler)
    Timer0A_Init100HzInt                     0x00001091   Thumb Code    94  timers.o(i.Timer0A_Init100HzInt)
    Timer1A_Handler                          0x00001151   Thumb Code     8  timers.o(i.Timer1A_Handler)
    Timer2A_Handler                          0x0000115d   Thumb Code    16  timer2.o(i.Timer2A_Handler)
    Timer2_Init                              0x00001175   Thumb Code    74  timer2.o(i.Timer2_Init)
    Timer3A_Handler                          0x000011d5   Thumb Code    16  timer3.o(i.Timer3A_Handler)
    Timer3_Init                              0x000011ed   Thumb Code    72  timer3.o(i.Timer3_Init)
    Tx5Fifo_Get                              0x00001249   Thumb Code    44  esp8266.o(i.Tx5Fifo_Get)
    Tx5Fifo_Init                             0x00001281   Thumb Code    26  esp8266.o(i.Tx5Fifo_Init)
    Tx5Fifo_Put                              0x000012a5   Thumb Code    46  esp8266.o(i.Tx5Fifo_Put)
    Tx5Fifo_Size                             0x000012e1   Thumb Code    12  esp8266.o(i.Tx5Fifo_Size)
    TxFifo_Get                               0x000012f5   Thumb Code    46  uart.o(i.TxFifo_Get)
    TxFifo_Size                              0x00001331   Thumb Code    12  uart.o(i.TxFifo_Size)
    UART0_Handler                            0x00001345   Thumb Code    82  uart.o(i.UART0_Handler)
    UART5_Handler                            0x0000139d   Thumb Code    82  esp8266.o(i.UART5_Handler)
    UART5_Init                               0x000013f5   Thumb Code   190  esp8266.o(i.UART5_Init)
    __aeabi_errno_addr                       0x000014cd   Thumb Code     4  errno.o(i.__aeabi_errno_addr)
    __rt_errno_addr                          0x000014cd   Thumb Code     0  errno.o(i.__aeabi_errno_addr)
    __scatterload_copy                       0x000014d5   Thumb Code    14  handlers.o(i.__scatterload_copy)
    __scatterload_null                       0x000014e3   Thumb Code     2  handlers.o(i.__scatterload_null)
    __scatterload_zeroinit                   0x000014e5   Thumb Code    14  handlers.o(i.__scatterload_zeroinit)
    enableHeartbeat                          0x00001795   Thumb Code     2  lab3.o(i.enableHeartbeat)
    itoa_simple                              0x00001797   Thumb Code    38  lcd.o(i.itoa_simple)
    main                                     0x000017f1   Thumb Code   228  lab3.o(i.main)
    outputAlarm                              0x00001919   Thumb Code   308  lcd.o(i.outputAlarm)
    outputLCD                                0x00001a89   Thumb Code   676  lcd.o(i.outputLCD)
    outputSpeaker                            0x00001dc5   Thumb Code    32  speaker.o(i.outputSpeaker)
    outputTime                               0x00001de9   Thumb Code   308  lcd.o(i.outputTime)
    outputTime2                              0x00001f59   Thumb Code    22  lcd.o(i.outputTime2)
    processInput                             0x00001f79   Thumb Code   812  buttons.o(i.processInput)
    readInput                                0x000022e9   Thumb Code   654  buttons.o(i.readInput)
    switchInit                               0x00002611   Thumb Code     2  lab3.o(i.switchInit)
    timerInit                                0x00002613   Thumb Code     2  lab3.o(i.timerInit)
    smallCircle                              0x00002c52   Data          36  st7735.o(.constdata)
    circle                                   0x00002c76   Data          60  st7735.o(.constdata)
    dBfs                                     0x00002cb2   Data         512  st7735.o(.constdata)
    CircleXbuf                               0x00002eb4   Data         720  lcd.o(.constdata)
    CircleYbuf                               0x00003184   Data         720  lcd.o(.constdata)
    __ctype_table                            0x00003454   Data         129  ctype_o.o(.constdata)
    Region$$Table$$Base                      0x000034dc   Number         0  anon$$obj.o(Region$$Table)
    Region$$Table$$Limit                     0x000034fc   Number         0  anon$$obj.o(Region$$Table)
    RxPutI                                   0x20000000   Data           4  uart.o(.data)
    RxGetI                                   0x20000004   Data           4  uart.o(.data)
    TxPutI                                   0x20000008   Data           4  uart.o(.data)
    TxGetI                                   0x2000000c   Data           4  uart.o(.data)
    StX                                      0x20000010   Data           4  st7735.o(.data)
    StY                                      0x20000014   Data           4  st7735.o(.data)
    StTextColor                              0x20000018   Data           2  st7735.o(.data)
    Messageindex                             0x20000024   Data           4  st7735.o(.data)
    Ymax                                     0x20000028   Data           4  st7735.o(.data)
    Ymin                                     0x2000002c   Data           4  st7735.o(.data)
    X                                        0x20000030   Data           4  st7735.o(.data)
    Yrange                                   0x20000034   Data           4  st7735.o(.data)
    lastj                                    0x20000038   Data           4  st7735.o(.data)
    PeriodicTask2                            0x2000003c   Data           4  timer2.o(.data)
    PeriodicTask3                            0x20000040   Data           4  timer3.o(.data)
    ssid                                     0x20000044   Data          32  esp8266.o(.data)
    pass                                     0x20000064   Data          32  esp8266.o(.data)
    auth                                     0x20000084   Data          64  esp8266.o(.data)
    Rx5PutI                                  0x200000c4   Data           4  esp8266.o(.data)
    Rx5PutJ                                  0x200000c8   Data           4  esp8266.o(.data)
    Rx5GetI                                  0x200000cc   Data           4  esp8266.o(.data)
    Tx5PutI                                  0x200000d0   Data           4  esp8266.o(.data)
    Tx5GetI                                  0x200000d4   Data           4  esp8266.o(.data)
    minX_global                              0x200000d8   Data           4  lab3.o(.data)
    maxX_global                              0x200000dc   Data           4  lab3.o(.data)
    minY_global                              0x200000e0   Data           4  lab3.o(.data)
    maxY_global                              0x200000e4   Data           4  lab3.o(.data)
    rangeX                                   0x200000e8   Data           4  lab3.o(.data)
    rangeY                                   0x200000ec   Data           4  lab3.o(.data)
    state                                    0x200000f0   Data           4  lab3.o(.data)
    alarmSet                                 0x200000f4   Data           4  lab3.o(.data)
    colorMode                                0x200000f8   Data           4  lab3.o(.data)
    time                                     0x200000fc   Data           4  lab3.o(.data)
    alarm_time                               0x20000100   Data           4  lab3.o(.data)
    count                                    0x20000104   Data           4  lab3.o(.data)
    temp_time                                0x20000108   Data           4  lab3.o(.data)
    temp_alarm                               0x2000010c   Data           4  lab3.o(.data)
    lastV1                                   0x20000110   Data           4  lab3.o(.data)
    lastV2                                   0x20000114   Data           4  lab3.o(.data)
    lastV3                                   0x20000118   Data           4  lab3.o(.data)
    lastV4                                   0x2000011c   Data           4  lab3.o(.data)
    Pin_Number                               0x20000120   Data           2  lab3.o(.data)
    Pin_Integer                              0x20000122   Data           8  lab3.o(.data)
    Pin_Float                                0x2000012a   Data           8  lab3.o(.data)
    pin_num                                  0x20000134   Data           4  lab3.o(.data)
    pin_int                                  0x20000138   Data           4  lab3.o(.data)
    TouchTask                                0x20000148   Data           4  switch.o(.data)
    ReleaseTask                              0x2000014c   Data           4  switch.o(.data)
    Rx5Fifo                                  0x200001d8   Data         512  esp8266.o(.bss)
    RxMessage                                0x200003d8   Data          64  esp8266.o(.bss)
    serial_buf                               0x20000518   Data          64  lab3.o(.bss)
    __initial_sp                             0x20000958   Data           0  startup.o(STACK)



==============================================================================

Memory Map of the image

  Image Entry point : 0x0000026d

  Load Region LR_1 (Base: 0x00000000, Size: 0x00003654, Max: 0xffffffff, ABSOLUTE, COMPRESSED[0x0000354c])

    Execution Region ER_RO (Exec base: 0x00000000, Load base: 0x00000000, Size: 0x000034fc, Max: 0xffffffff, ABSOLUTE)

    Exec Addr    Load Addr    Size         Type   Attr      Idx    E Section Name        Object

    0x00000000   0x00000000   0x00000284   Code   RO            3  * RESET               startup.o
    0x00000284   0x00000284   0x00000000   Code   RO         1017  * .ARM.Collect$$$$00000000  mc_w.l(entry.o)
    0x00000284   0x00000284   0x00000004   Code   RO         1030    .ARM.Collect$$$$00000001  mc_w.l(entry2.o)
    0x00000288   0x00000288   0x00000004   Code   RO         1033    .ARM.Collect$$$$00000004  mc_w.l(entry5.o)
    0x0000028c   0x0000028c   0x00000000   Code   RO         1035    .ARM.Collect$$$$00000008  mc_w.l(entry7b.o)
    0x0000028c   0x0000028c   0x00000000   Code   RO         1037    .ARM.Collect$$$$0000000A  mc_w.l(entry8b.o)
    0x0000028c   0x0000028c   0x00000008   Code   RO         1038    .ARM.Collect$$$$0000000B  mc_w.l(entry9a.o)
    0x00000294   0x00000294   0x00000000   Code   RO         1040    .ARM.Collect$$$$0000000D  mc_w.l(entry10a.o)
    0x00000294   0x00000294   0x00000000   Code   RO         1042    .ARM.Collect$$$$0000000F  mc_w.l(entry11a.o)
    0x00000294   0x00000294   0x00000004   Code   RO         1031    .ARM.Collect$$$$00002712  mc_w.l(entry2.o)
    0x00000298   0x00000298   0x0000001c   Code   RO            4    .text               startup.o
    0x000002b4   0x000002b4   0x00000012   Code   RO         1020    .text               mc_w.l(strcpy.o)
    0x000002c6   0x000002c6   0x00000002   PAD
    0x000002c8   0x000002c8   0x00000044   Code   RO         1022    .text               mc_w.l(strtok.o)
    0x0000030c   0x0000030c   0x0000001a   Code   RO         1028    .text               mc_w.l(atoi.o)
    0x00000326   0x00000326   0x00000070   Code   RO         1051    .text               mc_w.l(strtol.o)
    0x00000396   0x00000396   0x00000002   PAD
    0x00000398   0x00000398   0x00000024   Code   RO         1053    .text               mc_w.l(init.o)
    0x000003bc   0x000003bc   0x00000008   Code   RO         1055    .text               mc_w.l(ctype_o.o)
    0x000003c4   0x000003c4   0x0000009e   Code   RO         1083    .text               mc_w.l(_strtoul.o)
    0x00000462   0x00000462   0x0000001c   Code   RO         1085    .text               mc_w.l(_chval.o)
    0x0000047e   0x0000047e   0x00000056   Code   RO         1095    .text               mc_w.l(__dczerorl2.o)
    0x000004d4   0x000004d4   0x00000080   Code   RO          722    i.Blynk_to_TM4C     lab3.o
    0x00000554   0x00000554   0x00000020   Code   RO          174    i.Delay1ms          st7735.o
    0x00000574   0x00000574   0x00000020   Code   RO          509    i.DelayMs           esp8266.o
    0x00000594   0x00000594   0x00000020   Code   RO          674    i.DelayWait10ms     buttons.o
    0x000005b4   0x000005b4   0x00000050   Code   RO          511    i.ESP8266_GetMessage  esp8266.o
    0x00000604   0x00000604   0x00000088   Code   RO          512    i.ESP8266_Init      esp8266.o
    0x0000068c   0x0000068c   0x00000034   Code   RO          513    i.ESP8266_OutChar   esp8266.o
    0x000006c0   0x000006c0   0x00000018   Code   RO          514    i.ESP8266_OutString  esp8266.o
    0x000006d8   0x000006d8   0x0000002a   Code   RO          515    i.ESP8266_OutUDec   esp8266.o
    0x00000702   0x00000702   0x00000002   PAD
    0x00000704   0x00000704   0x0000002c   Code   RO          516    i.ESP8266_Reset     esp8266.o
    0x00000730   0x00000730   0x0000007c   Code   RO          517    i.ESP8266_SetupWiFi  esp8266.o
    0x000007ac   0x000007ac   0x00000014   Code   RO          675    i.GPIOPortB_Handler  buttons.o
    0x000007c0   0x000007c0   0x0000004c   Code   RO          935    i.GPIOPortF_Handler  switch.o
    0x0000080c   0x0000080c   0x0000000a   Code   RO          175    i.Output_Clear      st7735.o
    0x00000816   0x00000816   0x00000002   PAD
    0x00000818   0x00000818   0x0000007c   Code   RO           12    i.PLL_Init          pll.o
    0x00000894   0x00000894   0x000000b8   Code   RO          889    i.PWM0A_Init        pwm.o
    0x0000094c   0x0000094c   0x0000008c   Code   RO          724    i.PortF_Init        lab3.o
    0x000009d8   0x000009d8   0x0000002c   Code   RO          518    i.Rx5Fifo_Init      esp8266.o
    0x00000a04   0x00000a04   0x000000d0   Code   RO          519    i.Rx5Fifo_Put       esp8266.o
    0x00000ad4   0x00000ad4   0x00000014   Code   RO          520    i.Rx5Fifo_Size      esp8266.o
    0x00000ae8   0x00000ae8   0x0000003c   Code   RO           36    i.RxFifo_Put        uart.o
    0x00000b24   0x00000b24   0x00000014   Code   RO           37    i.RxFifo_Size       uart.o
    0x00000b38   0x00000b38   0x00000018   Code   RO          180    i.ST7735_Color565   st7735.o
    0x00000b50   0x00000b50   0x000000f8   Code   RO          183    i.ST7735_DrawCharS  st7735.o
    0x00000c48   0x00000c48   0x0000004c   Code   RO          187    i.ST7735_DrawPixel  st7735.o
    0x00000c94   0x00000c94   0x00000056   Code   RO          189    i.ST7735_DrawString  st7735.o
    0x00000cea   0x00000cea   0x00000002   PAD
    0x00000cec   0x00000cec   0x000000b0   Code   RO          190    i.ST7735_FillRect   st7735.o
    0x00000d9c   0x00000d9c   0x00000024   Code   RO          191    i.ST7735_FillScreen  st7735.o
    0x00000dc0   0x00000dc0   0x0000007c   Code   RO          193    i.ST7735_InitR      st7735.o
    0x00000e3c   0x00000e3c   0x0000001a   Code   RO          194    i.ST7735_InvertDisplay  st7735.o
    0x00000e56   0x00000e56   0x00000002   PAD
    0x00000e58   0x00000e58   0x0000005c   Code   RO          199    i.ST7735_PlotClear  st7735.o
    0x00000eb4   0x00000eb4   0x00000020   Code   RO          206    i.ST7735_SetCursor  st7735.o
    0x00000ed4   0x00000ed4   0x0000000c   Code   RO          208    i.ST7735_SetTextColor  st7735.o
    0x00000ee0   0x00000ee0   0x00000074   Code   RO          810    i.ST7735_XYplot     lcd.o
    0x00000f54   0x00000f54   0x00000064   Code   RO          811    i.ST7735_XYplotInit  lcd.o
    0x00000fb8   0x00000fb8   0x0000005c   Code   RO          725    i.SendInformation   lab3.o
    0x00001014   0x00001014   0x0000003c   Code   RO          726    i.TM4C_to_Blynk     lab3.o
    0x00001050   0x00001050   0x00000040   Code   RO          986    i.Timer0A_Handler   timers.o
    0x00001090   0x00001090   0x00000074   Code   RO          987    i.Timer0A_Init100HzInt  timers.o
    0x00001104   0x00001104   0x0000004c   Code   RO          940    i.Timer0Arm         switch.o
    0x00001150   0x00001150   0x0000000c   Code   RO          988    i.Timer1A_Handler   timers.o
    0x0000115c   0x0000115c   0x00000018   Code   RO          467    i.Timer2A_Handler   timer2.o
    0x00001174   0x00001174   0x00000060   Code   RO          468    i.Timer2_Init       timer2.o
    0x000011d4   0x000011d4   0x00000018   Code   RO          488    i.Timer3A_Handler   timer3.o
    0x000011ec   0x000011ec   0x0000005c   Code   RO          489    i.Timer3_Init       timer3.o
    0x00001248   0x00001248   0x00000038   Code   RO          521    i.Tx5Fifo_Get       esp8266.o
    0x00001280   0x00001280   0x00000024   Code   RO          522    i.Tx5Fifo_Init      esp8266.o
    0x000012a4   0x000012a4   0x0000003c   Code   RO          523    i.Tx5Fifo_Put       esp8266.o
    0x000012e0   0x000012e0   0x00000014   Code   RO          524    i.Tx5Fifo_Size      esp8266.o
    0x000012f4   0x000012f4   0x0000003c   Code   RO           38    i.TxFifo_Get        uart.o
    0x00001330   0x00001330   0x00000014   Code   RO           41    i.TxFifo_Size       uart.o
    0x00001344   0x00001344   0x00000058   Code   RO           42    i.UART0_Handler     uart.o
    0x0000139c   0x0000139c   0x00000058   Code   RO          525    i.UART5_Handler     esp8266.o
    0x000013f4   0x000013f4   0x000000d8   Code   RO          526    i.UART5_Init        esp8266.o
    0x000014cc   0x000014cc   0x00000008   Code   RO         1044    i.__aeabi_errno_addr  mc_w.l(errno.o)
    0x000014d4   0x000014d4   0x0000000e   Code   RO         1089    i.__scatterload_copy  mc_w.l(handlers.o)
    0x000014e2   0x000014e2   0x00000002   Code   RO         1090    i.__scatterload_null  mc_w.l(handlers.o)
    0x000014e4   0x000014e4   0x0000000e   Code   RO         1091    i.__scatterload_zeroinit  mc_w.l(handlers.o)
    0x000014f2   0x000014f2   0x00000056   Code   RO          210    i.commandList       st7735.o
    0x00001548   0x00001548   0x00000188   Code   RO          211    i.commonInit        st7735.o
    0x000016d0   0x000016d0   0x00000028   Code   RO           53    i.copyHardwareToSoftware  uart.o
    0x000016f8   0x000016f8   0x00000028   Code   RO          527    i.copyHardwareToSoftware5  esp8266.o
    0x00001720   0x00001720   0x0000002c   Code   RO           54    i.copySoftwareToHardware  uart.o
    0x0000174c   0x0000174c   0x0000002c   Code   RO          528    i.copySoftwareToHardware5  esp8266.o
    0x00001778   0x00001778   0x0000001c   Code   RO          212    i.deselect          st7735.o
    0x00001794   0x00001794   0x00000002   Code   RO          727    i.enableHeartbeat   lab3.o
    0x00001796   0x00001796   0x00000026   Code   RO          814    i.itoa_simple       lcd.o
    0x000017bc   0x000017bc   0x00000034   Code   RO          815    i.itoa_simple_helper  lcd.o
    0x000017f0   0x000017f0   0x00000128   Code   RO          728    i.main              lab3.o
    0x00001918   0x00001918   0x00000170   Code   RO          816    i.outputAlarm       lcd.o
    0x00001a88   0x00001a88   0x0000033c   Code   RO          817    i.outputLCD         lcd.o
    0x00001dc4   0x00001dc4   0x00000024   Code   RO          918    i.outputSpeaker     speaker.o
    0x00001de8   0x00001de8   0x00000170   Code   RO          818    i.outputTime        lcd.o
    0x00001f58   0x00001f58   0x00000020   Code   RO          819    i.outputTime2       lcd.o
    0x00001f78   0x00001f78   0x0000035c   Code   RO          676    i.processInput      buttons.o
    0x000022d4   0x000022d4   0x00000012   Code   RO          217    i.pushColor         st7735.o
    0x000022e6   0x000022e6   0x00000002   PAD
    0x000022e8   0x000022e8   0x000002b4   Code   RO          677    i.readInput         buttons.o
    0x0000259c   0x0000259c   0x00000074   Code   RO          218    i.setAddrWindow     st7735.o
    0x00002610   0x00002610   0x00000002   Code   RO          729    i.switchInit        lab3.o
    0x00002612   0x00002612   0x00000002   Code   RO          730    i.timerInit         lab3.o
    0x00002614   0x00002614   0x00000038   Code   RO          219    i.writecommand      st7735.o
    0x0000264c   0x0000264c   0x00000024   Code   RO          220    i.writedata         st7735.o
    0x00002670   0x00002670   0x00000842   Data   RO          222    .constdata          st7735.o
    0x00002eb2   0x00002eb2   0x00000002   PAD
    0x00002eb4   0x00002eb4   0x000005a0   Data   RO          821    .constdata          lcd.o
    0x00003454   0x00003454   0x00000081   Data   RO         1056    .constdata          mc_w.l(ctype_o.o)
    0x000034d5   0x000034d5   0x00000003   PAD
    0x000034d8   0x000034d8   0x00000004   Data   RO         1057    .constdata          mc_w.l(ctype_o.o)
    0x000034dc   0x000034dc   0x00000020   Data   RO         1087    Region$$Table       anon$$obj.o


    Execution Region ER_RW (Exec base: 0x20000000, Load base: 0x000034fc, Size: 0x00000158, Max: 0xffffffff, ABSOLUTE, COMPRESSED[0x00000050])

    Exec Addr    Load Addr    Size         Type   Attr      Idx    E Section Name        Object

    0x20000000   COMPRESSED   0x00000010   Data   RW           56    .data               uart.o
    0x20000010   COMPRESSED   0x0000002c   Data   RW          223    .data               st7735.o
    0x2000003c   COMPRESSED   0x00000004   Data   RW          469    .data               timer2.o
    0x20000040   COMPRESSED   0x00000004   Data   RW          490    .data               timer3.o
    0x20000044   COMPRESSED   0x00000094   Data   RW          530    .data               esp8266.o
    0x200000d8   COMPRESSED   0x00000064   Data   RW          732    .data               lab3.o
    0x2000013c   COMPRESSED   0x00000014   Data   RW          941    .data               switch.o
    0x20000150   COMPRESSED   0x00000004   Data   RW         1023    .data               mc_w.l(strtok.o)
    0x20000154   COMPRESSED   0x00000004   Data   RW         1047    .data               mc_w.l(errno.o)


    Execution Region ER_ZI (Exec base: 0x20000158, Load base: 0x0000354c, Size: 0x00000800, Max: 0xffffffff, ABSOLUTE)

    Exec Addr    Load Addr    Size         Type   Attr      Idx    E Section Name        Object

    0x20000158        -       0x00000080   Zero   RW           55    .bss                uart.o
    0x200001d8        -       0x00000340   Zero   RW          529    .bss                esp8266.o
    0x20000518        -       0x00000040   Zero   RW          731    .bss                lab3.o
    0x20000558        -       0x00000400   Zero   RW            1    STACK               startup.o


==============================================================================

Image component sizes


      Code (inc. data)   RO Data    RW Data    ZI Data      Debug   Object Name

      1604         92          0          0          0       3876   buttons.o
      1366        186          0        148        832      11440   esp8266.o
       722        142          0        100         64       6049   lab3.o
      1902        348       1440          0          0       6887   lcd.o
       124          4          0          0          0       4983   pll.o
       184         24          0          0          0        565   pwm.o
        36          4          0          0          0        488   speaker.o
      1706        188       2114         44          0      15678   st7735.o
       672        622          0          0       1024       1028   startup.o
       152         42          0         20          0       1728   switch.o
       120         30          0          4          0       1528   timer2.o
       116         28          0          4          0       1528   timer3.o
       192         38          0          0          0       2092   timers.o
       332         58          0         16        128       4596   uart.o

    ----------------------------------------------------------------------
      9238       1806       3588        336       2048      62466   Object Totals
         0          0         32          0          0          0   (incl. Generated)
        10          0          2          0          0          0   (incl. Padding)

    ----------------------------------------------------------------------

      Code (inc. data)   RO Data    RW Data    ZI Data      Debug   Library Member Name

        86          0          0          0          0          0   __dczerorl2.o
        28          0          0          0          0         68   _chval.o
       158          0          0          0          0         92   _strtoul.o
        26          0          0          0          0         80   atoi.o
         8          4        133          0          0         68   ctype_o.o
         0          0          0          0          0          0   entry.o
         0          0          0          0          0          0   entry10a.o
         0          0          0          0          0          0   entry11a.o
         8          4          0          0          0          0   entry2.o
         4          0          0          0          0          0   entry5.o
         0          0          0          0          0          0   entry7b.o
         0          0          0          0          0          0   entry8b.o
         8          4          0          0          0          0   entry9a.o
         8          4          0          4          0         68   errno.o
        30          0          0          0          0          0   handlers.o
        36          8          0          0          0         68   init.o
        18          0          0          0          0         68   strcpy.o
        68          6          0          4          0         80   strtok.o
       112          0          0          0          0         88   strtol.o

    ----------------------------------------------------------------------
       602         30        136          8          0        680   Library Totals
         4          0          3          0          0          0   (incl. Padding)

    ----------------------------------------------------------------------

      Code (inc. data)   RO Data    RW Data    ZI Data      Debug   Library Name

       598         30        133          8          0        680   mc_w.l

    ----------------------------------------------------------------------
       602         30        136          8          0        680   Library Totals

    ----------------------------------------------------------------------

==============================================================================


      Code (inc. data)   RO Data    RW Data    ZI Data      Debug   

      9840       1836       3724        344       2048      59322   Grand Totals
      9840       1836       3724         80       2048      59322   ELF Image Totals (compressed)
      9840       1836       3724         80          0          0   ROM Totals

==============================================================================

    Total RO  Size (Code + RO Data)                13564 (  13.25kB)
    Total RW  Size (RW Data + ZI Data)              2392 (   2.34kB)
    Total ROM Size (Code + RO Data + RW Data)      13644 (  13.32kB)

==============================================================================

