<html>
<body>
<pre>
<h1>µVision Build Log</h1>
<h2>Project:</h2>
C:\Users\apple\Desktop\EE445L\Lab4\Lab4\ST7735.uvproj
Project File Date:  09/30/2019

<h2>Output:</h2>
Rebuild target 'ST7735'
assembling startup.s...
compiling PLL.c...
compiling ST7735.c...
compiling Lab3.c...
compiling Timers.c...
compiling Speaker.c...
compiling Systick.c...
compiling LCD.c...
compiling ADCSWTrigger.c...
compiling Buttons.c...
compiling PWM.c...
compiling Blynk.c...
compiling esp8266.c...
compiling Timer2.c...
compiling Timer3.c...
compiling UART.c...
linking...
Program Size: Code=10752 RO-data=3724 RW-data=324 ZI-data=2052  
".\ST7735.axf" - 0 Error(s), 0 Warning(s).
Load "C:\\Users\\apple\\Desktop\\EE445L\\Lab4\\Lab4\\ST7735.axf" 
Connecting: Mode=JTAG, Speed=1000000Hz
Erase Done.
Programming Done.
Verify OK.
