ARM Linker, 5.03 [Build 76] [MDK-ARM Lite]

==============================================================================

Section Cross References

    startup.o(RESET) refers to startup.o(STACK) for StackMem
    startup.o(RESET) refers to buttons.o(i.GPIOPortB_Handler) for GPIOPortB_Handler
    startup.o(RESET) refers to uart.o(i.UART0_Handler) for UART0_Handler
    startup.o(RESET) refers to timers.o(i.Timer0A_Handler) for Timer0A_Handler
    startup.o(RESET) refers to timers.o(i.Timer1A_Handler) for Timer1A_Handler
    startup.o(RESET) refers to timer2.o(i.Timer2A_Handler) for Timer2A_Handler
    startup.o(RESET) refers to timer3.o(i.Timer3A_Handler) for Timer3A_Handler
    startup.o(RESET) refers to esp8266.o(i.UART5_Handler) for UART5_Handler
    startup.o(RESET) refers to entry.o(.ARM.Collect$$$$00000000) for __main
    st7735.o(i.Output_Clear) refers to st7735.o(i.ST7735_FillScreen) for ST7735_FillScreen
    st7735.o(i.Output_Color) refers to st7735.o(i.ST7735_SetTextColor) for ST7735_SetTextColor
    st7735.o(i.Output_Init) refers to st7735.o(i.ST7735_InitR) for ST7735_InitR
    st7735.o(i.Output_Init) refers to st7735.o(i.ST7735_FillScreen) for ST7735_FillScreen
    st7735.o(i.Output_Off) refers to st7735.o(i.Output_Clear) for Output_Clear
    st7735.o(i.Output_On) refers to st7735.o(i.Output_Init) for Output_Init
    st7735.o(i.ST7735_DrawBitmap) refers to st7735.o(i.setAddrWindow) for setAddrWindow
    st7735.o(i.ST7735_DrawBitmap) refers to st7735.o(i.writedata) for writedata
    st7735.o(i.ST7735_DrawBitmap) refers to st7735.o(i.deselect) for deselect
    st7735.o(i.ST7735_DrawBitmap) refers to st7735.o(.data) for _width
    st7735.o(i.ST7735_DrawChar) refers to st7735.o(i.setAddrWindow) for setAddrWindow
    st7735.o(i.ST7735_DrawChar) refers to st7735.o(i.pushColor) for pushColor
    st7735.o(i.ST7735_DrawChar) refers to st7735.o(i.deselect) for deselect
    st7735.o(i.ST7735_DrawChar) refers to st7735.o(.data) for _width
    st7735.o(i.ST7735_DrawChar) refers to st7735.o(.constdata) for Font
    st7735.o(i.ST7735_DrawCharS) refers to st7735.o(i.ST7735_DrawPixel) for ST7735_DrawPixel
    st7735.o(i.ST7735_DrawCharS) refers to st7735.o(i.ST7735_FillRect) for ST7735_FillRect
    st7735.o(i.ST7735_DrawCharS) refers to st7735.o(.data) for _width
    st7735.o(i.ST7735_DrawCharS) refers to st7735.o(.constdata) for Font
    st7735.o(i.ST7735_DrawCircle) refers to st7735.o(i.setAddrWindow) for setAddrWindow
    st7735.o(i.ST7735_DrawCircle) refers to st7735.o(i.writedata) for writedata
    st7735.o(i.ST7735_DrawCircle) refers to st7735.o(i.deselect) for deselect
    st7735.o(i.ST7735_DrawCircle) refers to st7735.o(.data) for _width
    st7735.o(i.ST7735_DrawCircle) refers to st7735.o(.constdata) for circle
    st7735.o(i.ST7735_DrawFastHLine) refers to st7735.o(i.setAddrWindow) for setAddrWindow
    st7735.o(i.ST7735_DrawFastHLine) refers to st7735.o(i.writedata) for writedata
    st7735.o(i.ST7735_DrawFastHLine) refers to st7735.o(i.deselect) for deselect
    st7735.o(i.ST7735_DrawFastHLine) refers to st7735.o(.data) for _width
    st7735.o(i.ST7735_DrawFastVLine) refers to st7735.o(i.setAddrWindow) for setAddrWindow
    st7735.o(i.ST7735_DrawFastVLine) refers to st7735.o(i.writedata) for writedata
    st7735.o(i.ST7735_DrawFastVLine) refers to st7735.o(i.deselect) for deselect
    st7735.o(i.ST7735_DrawFastVLine) refers to st7735.o(.data) for _width
    st7735.o(i.ST7735_DrawPixel) refers to st7735.o(i.setAddrWindow) for setAddrWindow
    st7735.o(i.ST7735_DrawPixel) refers to st7735.o(i.pushColor) for pushColor
    st7735.o(i.ST7735_DrawPixel) refers to st7735.o(i.deselect) for deselect
    st7735.o(i.ST7735_DrawPixel) refers to st7735.o(.data) for _width
    st7735.o(i.ST7735_DrawSmallCircle) refers to st7735.o(i.setAddrWindow) for setAddrWindow
    st7735.o(i.ST7735_DrawSmallCircle) refers to st7735.o(i.writedata) for writedata
    st7735.o(i.ST7735_DrawSmallCircle) refers to st7735.o(i.deselect) for deselect
    st7735.o(i.ST7735_DrawSmallCircle) refers to st7735.o(.data) for _width
    st7735.o(i.ST7735_DrawSmallCircle) refers to st7735.o(.constdata) for smallCircle
    st7735.o(i.ST7735_DrawString) refers to st7735.o(i.ST7735_DrawCharS) for ST7735_DrawCharS
    st7735.o(i.ST7735_FillRect) refers to st7735.o(i.setAddrWindow) for setAddrWindow
    st7735.o(i.ST7735_FillRect) refers to st7735.o(i.writedata) for writedata
    st7735.o(i.ST7735_FillRect) refers to st7735.o(i.deselect) for deselect
    st7735.o(i.ST7735_FillRect) refers to st7735.o(.data) for _width
    st7735.o(i.ST7735_FillScreen) refers to st7735.o(i.ST7735_FillRect) for ST7735_FillRect
    st7735.o(i.ST7735_FillScreen) refers to st7735.o(.data) for _height
    st7735.o(i.ST7735_InitB) refers to st7735.o(i.commonInit) for commonInit
    st7735.o(i.ST7735_InitB) refers to st7735.o(i.ST7735_SetCursor) for ST7735_SetCursor
    st7735.o(i.ST7735_InitB) refers to st7735.o(i.ST7735_FillScreen) for ST7735_FillScreen
    st7735.o(i.ST7735_InitB) refers to st7735.o(.constdata) for Bcmd
    st7735.o(i.ST7735_InitB) refers to st7735.o(.data) for StTextColor
    st7735.o(i.ST7735_InitR) refers to st7735.o(i.commonInit) for commonInit
    st7735.o(i.ST7735_InitR) refers to st7735.o(i.commandList) for commandList
    st7735.o(i.ST7735_InitR) refers to st7735.o(i.writecommand) for writecommand
    st7735.o(i.ST7735_InitR) refers to st7735.o(i.writedata) for writedata
    st7735.o(i.ST7735_InitR) refers to st7735.o(i.ST7735_SetCursor) for ST7735_SetCursor
    st7735.o(i.ST7735_InitR) refers to st7735.o(i.ST7735_FillScreen) for ST7735_FillScreen
    st7735.o(i.ST7735_InitR) refers to st7735.o(.constdata) for Rcmd1
    st7735.o(i.ST7735_InitR) refers to st7735.o(.data) for ColStart
    st7735.o(i.ST7735_InvertDisplay) refers to st7735.o(i.writecommand) for writecommand
    st7735.o(i.ST7735_InvertDisplay) refers to st7735.o(i.deselect) for deselect
    st7735.o(i.ST7735_OutChar) refers to st7735.o(i.ST7735_DrawString) for ST7735_DrawString
    st7735.o(i.ST7735_OutChar) refers to st7735.o(i.ST7735_DrawCharS) for ST7735_DrawCharS
    st7735.o(i.ST7735_OutChar) refers to st7735.o(.data) for StY
    st7735.o(i.ST7735_OutString) refers to st7735.o(i.ST7735_OutChar) for ST7735_OutChar
    st7735.o(i.ST7735_OutUDec) refers to st7735.o(i.fillmessage) for fillmessage
    st7735.o(i.ST7735_OutUDec) refers to st7735.o(i.ST7735_DrawString) for ST7735_DrawString
    st7735.o(i.ST7735_OutUDec) refers to st7735.o(i.ST7735_DrawCharS) for ST7735_DrawCharS
    st7735.o(i.ST7735_OutUDec) refers to st7735.o(.data) for Messageindex
    st7735.o(i.ST7735_OutUDec) refers to st7735.o(.bss) for Message
    st7735.o(i.ST7735_PlotBar) refers to st7735.o(i.ST7735_DrawFastVLine) for ST7735_DrawFastVLine
    st7735.o(i.ST7735_PlotBar) refers to st7735.o(.data) for Ymin
    st7735.o(i.ST7735_PlotClear) refers to st7735.o(i.ST7735_Color565) for ST7735_Color565
    st7735.o(i.ST7735_PlotClear) refers to st7735.o(i.ST7735_FillRect) for ST7735_FillRect
    st7735.o(i.ST7735_PlotClear) refers to st7735.o(.data) for Ymax
    st7735.o(i.ST7735_PlotLine) refers to st7735.o(i.ST7735_DrawPixel) for ST7735_DrawPixel
    st7735.o(i.ST7735_PlotLine) refers to st7735.o(.data) for Ymin
    st7735.o(i.ST7735_PlotNext) refers to st7735.o(.data) for X
    st7735.o(i.ST7735_PlotNextErase) refers to st7735.o(i.ST7735_Color565) for ST7735_Color565
    st7735.o(i.ST7735_PlotNextErase) refers to st7735.o(i.ST7735_DrawFastVLine) for ST7735_DrawFastVLine
    st7735.o(i.ST7735_PlotNextErase) refers to st7735.o(.data) for X
    st7735.o(i.ST7735_PlotPoint) refers to st7735.o(i.ST7735_DrawPixel) for ST7735_DrawPixel
    st7735.o(i.ST7735_PlotPoint) refers to st7735.o(.data) for Ymin
    st7735.o(i.ST7735_PlotPoints) refers to st7735.o(i.ST7735_DrawPixel) for ST7735_DrawPixel
    st7735.o(i.ST7735_PlotPoints) refers to st7735.o(.data) for Ymin
    st7735.o(i.ST7735_PlotdBfs) refers to st7735.o(i.ST7735_DrawFastVLine) for ST7735_DrawFastVLine
    st7735.o(i.ST7735_PlotdBfs) refers to st7735.o(.constdata) for dBfs
    st7735.o(i.ST7735_PlotdBfs) refers to st7735.o(.data) for X
    st7735.o(i.ST7735_SetCursor) refers to st7735.o(.data) for StX
    st7735.o(i.ST7735_SetRotation) refers to st7735.o(i.writecommand) for writecommand
    st7735.o(i.ST7735_SetRotation) refers to st7735.o(i.writedata) for writedata
    st7735.o(i.ST7735_SetRotation) refers to st7735.o(i.deselect) for deselect
    st7735.o(i.ST7735_SetRotation) refers to st7735.o(.data) for Rotation
    st7735.o(i.ST7735_SetTextColor) refers to st7735.o(.data) for StTextColor
    st7735.o(i.commandList) refers to st7735.o(i.writecommand) for writecommand
    st7735.o(i.commandList) refers to st7735.o(i.writedata) for writedata
    st7735.o(i.commandList) refers to st7735.o(i.Delay1ms) for Delay1ms
    st7735.o(i.commonInit) refers to st7735.o(i.Delay1ms) for Delay1ms
    st7735.o(i.commonInit) refers to st7735.o(i.commandList) for commandList
    st7735.o(i.commonInit) refers to st7735.o(.data) for RowStart
    st7735.o(i.fillmessage) refers to st7735.o(.bss) for Message
    st7735.o(i.fillmessage) refers to st7735.o(.data) for Messageindex
    st7735.o(i.fputc) refers to st7735.o(i.ST7735_OutChar) for ST7735_OutChar
    st7735.o(i.pushColor) refers to st7735.o(i.writedata) for writedata
    st7735.o(i.setAddrWindow) refers to st7735.o(i.writecommand) for writecommand
    st7735.o(i.setAddrWindow) refers to st7735.o(i.writedata) for writedata
    st7735.o(i.setAddrWindow) refers to st7735.o(.data) for ColStart
    lab3.o(i.Blynk_to_TM4C) refers to esp8266.o(i.ESP8266_GetMessage) for ESP8266_GetMessage
    lab3.o(i.Blynk_to_TM4C) refers to strtok.o(.text) for strtok
    lab3.o(i.Blynk_to_TM4C) refers to strcpy.o(.text) for strcpy
    lab3.o(i.Blynk_to_TM4C) refers to atoi.o(.text) for atoi
    lab3.o(i.Blynk_to_TM4C) refers to buttons.o(i.processInput) for processInput
    lab3.o(i.Blynk_to_TM4C) refers to lab3.o(.bss) for serial_buf
    lab3.o(i.Blynk_to_TM4C) refers to lab3.o(.data) for Pin_Number
    lab3.o(i.Pause) refers to buttons.o(i.DelayWait10ms) for DelayWait10ms
    lab3.o(i.SendInformation) refers to lab3.o(i.TM4C_to_Blynk) for TM4C_to_Blynk
    lab3.o(i.SendInformation) refers to buttons.o(i.DelayWait10ms) for DelayWait10ms
    lab3.o(i.SendInformation) refers to lab3.o(.data) for time
    lab3.o(i.TM4C_to_Blynk) refers to esp8266.o(i.ESP8266_OutUDec) for ESP8266_OutUDec
    lab3.o(i.TM4C_to_Blynk) refers to esp8266.o(i.ESP8266_OutChar) for ESP8266_OutChar
    lab3.o(i.TM4C_to_Blynk) refers to esp8266.o(i.ESP8266_OutString) for ESP8266_OutString
    lab3.o(i.main) refers to startup.o(.text) for DisableInterrupts
    lab3.o(i.main) refers to pll.o(i.PLL_Init) for PLL_Init
    lab3.o(i.main) refers to lab3.o(i.PortF_Init) for PortF_Init
    lab3.o(i.main) refers to st7735.o(i.ST7735_InitR) for ST7735_InitR
    lab3.o(i.main) refers to st7735.o(i.Output_Clear) for Output_Clear
    lab3.o(i.main) refers to st7735.o(i.ST7735_PlotClear) for ST7735_PlotClear
    lab3.o(i.main) refers to st7735.o(i.ST7735_Color565) for ST7735_Color565
    lab3.o(i.main) refers to lcd.o(i.ST7735_XYplotInit) for ST7735_XYplotInit
    lab3.o(i.main) refers to lab3.o(i.switchInit) for switchInit
    lab3.o(i.main) refers to lab3.o(i.timerInit) for timerInit
    lab3.o(i.main) refers to lab3.o(i.enableHeartbeat) for enableHeartbeat
    lab3.o(i.main) refers to timers.o(i.Timer0A_Init100HzInt) for Timer0A_Init100HzInt
    lab3.o(i.main) refers to timers.o(i.Timer1A_Init) for Timer1A_Init
    lab3.o(i.main) refers to pwm.o(i.PWM0A_Init) for PWM0A_Init
    lab3.o(i.main) refers to esp8266.o(i.ESP8266_Init) for ESP8266_Init
    lab3.o(i.main) refers to esp8266.o(i.ESP8266_Reset) for ESP8266_Reset
    lab3.o(i.main) refers to esp8266.o(i.ESP8266_SetupWiFi) for ESP8266_SetupWiFi
    lab3.o(i.main) refers to timer2.o(i.Timer2_Init) for Timer2_Init
    lab3.o(i.main) refers to timer3.o(i.Timer3_Init) for Timer3_Init
    lab3.o(i.main) refers to lcd.o(i.outputLCD) for outputLCD
    lab3.o(i.main) refers to speaker.o(i.outputSpeaker) for outputSpeaker
    lab3.o(i.main) refers to lab3.o(.data) for state
    lab3.o(i.main) refers to lab3.o(i.Blynk_to_TM4C) for Blynk_to_TM4C
    lab3.o(i.main) refers to lab3.o(i.SendInformation) for SendInformation
    timers.o(i.Timer0A_Handler) refers to lab3.o(.data) for state
    lcd.o(i.ST7735_XYplot) refers to st7735.o(i.ST7735_SetTextColor) for ST7735_SetTextColor
    lcd.o(i.ST7735_XYplot) refers to st7735.o(i.ST7735_FillRect) for ST7735_FillRect
    lcd.o(i.ST7735_XYplot) refers to lab3.o(.data) for maxY_global
    lcd.o(i.ST7735_XYplotInit) refers to st7735.o(i.Output_Clear) for Output_Clear
    lcd.o(i.ST7735_XYplotInit) refers to st7735.o(i.ST7735_PlotClear) for ST7735_PlotClear
    lcd.o(i.ST7735_XYplotInit) refers to st7735.o(i.ST7735_DrawString) for ST7735_DrawString
    lcd.o(i.ST7735_XYplotInit) refers to lab3.o(.data) for minX_global
    lcd.o(i.itoa_simple) refers to lcd.o(i.itoa_simple_helper) for itoa_simple_helper
    lcd.o(i.outputAlarm) refers to st7735.o(i.ST7735_DrawString) for ST7735_DrawString
    lcd.o(i.outputAlarm) refers to lcd.o(i.itoa_simple) for itoa_simple
    lcd.o(i.outputLCD) refers to st7735.o(i.ST7735_DrawString) for ST7735_DrawString
    lcd.o(i.outputLCD) refers to lcd.o(i.itoa_simple) for itoa_simple
    lcd.o(i.outputLCD) refers to lcd.o(i.outputTime) for outputTime
    lcd.o(i.outputLCD) refers to lcd.o(i.outputTime2) for outputTime2
    lcd.o(i.outputLCD) refers to lcd.o(i.outputAlarm) for outputAlarm
    lcd.o(i.outputLCD) refers to lab3.o(.data) for alarm_time
    lcd.o(i.outputTime) refers to st7735.o(i.ST7735_DrawString) for ST7735_DrawString
    lcd.o(i.outputTime) refers to lcd.o(i.itoa_simple) for itoa_simple
    lcd.o(i.outputTime2) refers to lcd.o(i.ST7735_XYplot) for ST7735_XYplot
    lcd.o(i.outputTime2) refers to lcd.o(.constdata) for CircleYbuf
    buttons.o(i.Buttons_Init) refers to buttons.o(.data) for Touch
    buttons.o(i.GPIOPortB_Handler) refers to buttons.o(i.readInput) for readInput
    buttons.o(i.processInput) refers to st7735.o(i.Output_Clear) for Output_Clear
    buttons.o(i.processInput) refers to st7735.o(i.ST7735_PlotClear) for ST7735_PlotClear
    buttons.o(i.processInput) refers to st7735.o(i.ST7735_Color565) for ST7735_Color565
    buttons.o(i.processInput) refers to lcd.o(i.ST7735_XYplotInit) for ST7735_XYplotInit
    buttons.o(i.processInput) refers to st7735.o(i.ST7735_InvertDisplay) for ST7735_InvertDisplay
    buttons.o(i.processInput) refers to lab3.o(.data) for state
    buttons.o(i.readInput) refers to buttons.o(i.DelayWait10ms) for DelayWait10ms
    buttons.o(i.readInput) refers to st7735.o(i.Output_Clear) for Output_Clear
    buttons.o(i.readInput) refers to st7735.o(i.ST7735_PlotClear) for ST7735_PlotClear
    buttons.o(i.readInput) refers to st7735.o(i.ST7735_Color565) for ST7735_Color565
    buttons.o(i.readInput) refers to lcd.o(i.ST7735_XYplotInit) for ST7735_XYplotInit
    buttons.o(i.readInput) refers to st7735.o(i.ST7735_InvertDisplay) for ST7735_InvertDisplay
    buttons.o(i.readInput) refers to lab3.o(.data) for state
    esp8266.o(i.ESP8266_AvailableInput) refers to esp8266.o(i.Rx5Fifo_Size) for Rx5Fifo_Size
    esp8266.o(i.ESP8266_GetMessage) refers to esp8266.o(.data) for Rx5PutI
    esp8266.o(i.ESP8266_GetMessage) refers to esp8266.o(.bss) for Rx5Fifo
    esp8266.o(i.ESP8266_Init) refers to esp8266.o(i.UART5_Init) for UART5_Init
    esp8266.o(i.ESP8266_Init) refers to startup.o(.text) for EnableInterrupts
    esp8266.o(i.ESP8266_OutChar) refers to esp8266.o(i.Tx5Fifo_Put) for Tx5Fifo_Put
    esp8266.o(i.ESP8266_OutChar) refers to esp8266.o(i.copySoftwareToHardware5) for copySoftwareToHardware5
    esp8266.o(i.ESP8266_OutString) refers to esp8266.o(i.ESP8266_OutChar) for ESP8266_OutChar
    esp8266.o(i.ESP8266_OutUDec) refers to esp8266.o(i.ESP8266_OutChar) for ESP8266_OutChar
    esp8266.o(i.ESP8266_Reset) refers to uart.o(i.UART_OutString) for UART_OutString
    esp8266.o(i.ESP8266_Reset) refers to esp8266.o(i.DelayMs) for DelayMs
    esp8266.o(i.ESP8266_SetupWiFi) refers to uart.o(i.UART_OutString) for UART_OutString
    esp8266.o(i.ESP8266_SetupWiFi) refers to st7735.o(i.Output_Color) for Output_Color
    esp8266.o(i.ESP8266_SetupWiFi) refers to st7735.o(i.ST7735_OutString) for ST7735_OutString
    esp8266.o(i.ESP8266_SetupWiFi) refers to esp8266.o(i.DelayMs) for DelayMs
    esp8266.o(i.ESP8266_SetupWiFi) refers to esp8266.o(i.ESP8266_OutString) for ESP8266_OutString
    esp8266.o(i.ESP8266_SetupWiFi) refers to esp8266.o(i.ESP8266_OutChar) for ESP8266_OutChar
    esp8266.o(i.ESP8266_SetupWiFi) refers to uart.o(i.UART_OutChar) for UART_OutChar
    esp8266.o(i.ESP8266_SetupWiFi) refers to st7735.o(i.ST7735_OutChar) for ST7735_OutChar
    esp8266.o(i.ESP8266_SetupWiFi) refers to esp8266.o(i.ESP8266_GetMessage) for ESP8266_GetMessage
    esp8266.o(i.ESP8266_SetupWiFi) refers to esp8266.o(i.Rx5Fifo_Init) for Rx5Fifo_Init
    esp8266.o(i.ESP8266_SetupWiFi) refers to esp8266.o(.data) for auth
    esp8266.o(i.ESP8266_SetupWiFi) refers to esp8266.o(.bss) for RxMessage
    esp8266.o(i.Rx5Fifo_Init) refers to startup.o(.text) for StartCritical
    esp8266.o(i.Rx5Fifo_Init) refers to esp8266.o(.data) for Rx5PutJ
    esp8266.o(i.Rx5Fifo_Put) refers to esp8266.o(.data) for Rx5PutI
    esp8266.o(i.Rx5Fifo_Put) refers to esp8266.o(.bss) for Rx5Fifo
    esp8266.o(i.Rx5Fifo_Size) refers to esp8266.o(.data) for Rx5PutI
    esp8266.o(i.Tx5Fifo_Get) refers to esp8266.o(.data) for Tx5PutI
    esp8266.o(i.Tx5Fifo_Get) refers to esp8266.o(.bss) for Tx5Fifo
    esp8266.o(i.Tx5Fifo_Init) refers to startup.o(.text) for StartCritical
    esp8266.o(i.Tx5Fifo_Init) refers to esp8266.o(.data) for Tx5GetI
    esp8266.o(i.Tx5Fifo_Put) refers to esp8266.o(.data) for Tx5PutI
    esp8266.o(i.Tx5Fifo_Put) refers to esp8266.o(.bss) for Tx5Fifo
    esp8266.o(i.Tx5Fifo_Size) refers to esp8266.o(.data) for Tx5PutI
    esp8266.o(i.UART5_Handler) refers to esp8266.o(i.copySoftwareToHardware5) for copySoftwareToHardware5
    esp8266.o(i.UART5_Handler) refers to esp8266.o(i.Tx5Fifo_Size) for Tx5Fifo_Size
    esp8266.o(i.UART5_Handler) refers to esp8266.o(i.copyHardwareToSoftware5) for copyHardwareToSoftware5
    esp8266.o(i.UART5_Init) refers to esp8266.o(i.Rx5Fifo_Init) for Rx5Fifo_Init
    esp8266.o(i.UART5_Init) refers to esp8266.o(i.Tx5Fifo_Init) for Tx5Fifo_Init
    esp8266.o(i.copyHardwareToSoftware5) refers to esp8266.o(i.Rx5Fifo_Put) for Rx5Fifo_Put
    esp8266.o(i.copyHardwareToSoftware5) refers to esp8266.o(i.Rx5Fifo_Size) for Rx5Fifo_Size
    esp8266.o(i.copySoftwareToHardware5) refers to esp8266.o(i.Tx5Fifo_Get) for Tx5Fifo_Get
    esp8266.o(i.copySoftwareToHardware5) refers to esp8266.o(i.Tx5Fifo_Size) for Tx5Fifo_Size
    timer2.o(i.Timer2A_Handler) refers to timer2.o(.data) for PeriodicTask2
    timer2.o(i.Timer2_Init) refers to timer2.o(.data) for PeriodicTask2
    timer3.o(i.Timer3A_Handler) refers to timer3.o(.data) for PeriodicTask3
    timer3.o(i.Timer3_Init) refers to timer3.o(.data) for PeriodicTask3
    uart.o(i.RxFifo_Get) refers to uart.o(.data) for RxPutI
    uart.o(i.RxFifo_Get) refers to uart.o(.bss) for RxFifo
    uart.o(i.RxFifo_Init) refers to startup.o(.text) for StartCritical
    uart.o(i.RxFifo_Init) refers to uart.o(.data) for RxGetI
    uart.o(i.RxFifo_Put) refers to uart.o(.data) for RxPutI
    uart.o(i.RxFifo_Put) refers to uart.o(.bss) for RxFifo
    uart.o(i.RxFifo_Size) refers to uart.o(.data) for RxPutI
    uart.o(i.TxFifo_Get) refers to uart.o(.data) for TxPutI
    uart.o(i.TxFifo_Get) refers to uart.o(.bss) for TxFifo
    uart.o(i.TxFifo_Init) refers to startup.o(.text) for StartCritical
    uart.o(i.TxFifo_Init) refers to uart.o(.data) for TxGetI
    uart.o(i.TxFifo_Put) refers to uart.o(.data) for TxPutI
    uart.o(i.TxFifo_Put) refers to uart.o(.bss) for TxFifo
    uart.o(i.TxFifo_Size) refers to uart.o(.data) for TxPutI
    uart.o(i.UART0_Handler) refers to uart.o(i.copySoftwareToHardware) for copySoftwareToHardware
    uart.o(i.UART0_Handler) refers to uart.o(i.TxFifo_Size) for TxFifo_Size
    uart.o(i.UART0_Handler) refers to uart.o(i.copyHardwareToSoftware) for copyHardwareToSoftware
    uart.o(i.UART_InChar) refers to uart.o(i.RxFifo_Get) for RxFifo_Get
    uart.o(i.UART_InCharNonBlock) refers to uart.o(i.RxFifo_Get) for RxFifo_Get
    uart.o(i.UART_InString) refers to uart.o(i.UART_InChar) for UART_InChar
    uart.o(i.UART_InString) refers to uart.o(i.UART_OutChar) for UART_OutChar
    uart.o(i.UART_InUDec) refers to uart.o(i.UART_InChar) for UART_InChar
    uart.o(i.UART_InUDec) refers to uart.o(i.UART_OutChar) for UART_OutChar
    uart.o(i.UART_InUHex) refers to uart.o(i.UART_InChar) for UART_InChar
    uart.o(i.UART_InUHex) refers to uart.o(i.UART_OutChar) for UART_OutChar
    uart.o(i.UART_Init) refers to uart.o(i.RxFifo_Init) for RxFifo_Init
    uart.o(i.UART_Init) refers to uart.o(i.TxFifo_Init) for TxFifo_Init
    uart.o(i.UART_Init) refers to startup.o(.text) for EnableInterrupts
    uart.o(i.UART_OutChar) refers to uart.o(i.TxFifo_Put) for TxFifo_Put
    uart.o(i.UART_OutChar) refers to uart.o(i.copySoftwareToHardware) for copySoftwareToHardware
    uart.o(i.UART_OutString) refers to uart.o(i.UART_OutChar) for UART_OutChar
    uart.o(i.UART_OutUDec) refers to uart.o(i.UART_OutChar) for UART_OutChar
    uart.o(i.UART_OutUHex) refers to uart.o(i.UART_OutChar) for UART_OutChar
    uart.o(i.copyHardwareToSoftware) refers to uart.o(i.RxFifo_Put) for RxFifo_Put
    uart.o(i.copyHardwareToSoftware) refers to uart.o(i.RxFifo_Size) for RxFifo_Size
    uart.o(i.copySoftwareToHardware) refers to uart.o(i.TxFifo_Get) for TxFifo_Get
    uart.o(i.copySoftwareToHardware) refers to uart.o(i.TxFifo_Size) for TxFifo_Size
    entry.o(.ARM.Collect$$$$00000000) refers (Special) to entry10a.o(.ARM.Collect$$$$0000000D) for __rt_final_cpp
    entry.o(.ARM.Collect$$$$00000000) refers (Special) to entry11a.o(.ARM.Collect$$$$0000000F) for __rt_final_exit
    entry.o(.ARM.Collect$$$$00000000) refers (Special) to entry7b.o(.ARM.Collect$$$$00000008) for _main_clock
    entry.o(.ARM.Collect$$$$00000000) refers (Special) to entry8b.o(.ARM.Collect$$$$0000000A) for _main_cpp_init
    entry.o(.ARM.Collect$$$$00000000) refers (Special) to entry9a.o(.ARM.Collect$$$$0000000B) for _main_init
    entry.o(.ARM.Collect$$$$00000000) refers (Special) to entry5.o(.ARM.Collect$$$$00000004) for _main_scatterload
    entry.o(.ARM.Collect$$$$00000000) refers (Special) to entry2.o(.ARM.Collect$$$$00000001) for _main_stk
    strtok.o(.text) refers to strtok.o(.data) for .data
    strtok_r.o(.text) refers to strtok_r.o(.data) for .data
    atoi.o(.text) refers to errno.o(i.__aeabi_errno_addr) for __aeabi_errno_addr
    atoi.o(.text) refers to strtol.o(.text) for strtol
    entry2.o(.ARM.Collect$$$$00000001) refers to entry2.o(.ARM.Collect$$$$00002712) for __lit__00000000
    entry2.o(.ARM.Collect$$$$00002712) refers to startup.o(STACK) for __initial_sp
    entry2.o(__vectab_stack_and_reset_area) refers to startup.o(STACK) for __initial_sp
    entry2.o(__vectab_stack_and_reset_area) refers to entry.o(.ARM.Collect$$$$00000000) for __main
    entry5.o(.ARM.Collect$$$$00000004) refers to init.o(.text) for __scatterload
    entry9a.o(.ARM.Collect$$$$0000000B) refers to lab3.o(i.main) for main
    entry9b.o(.ARM.Collect$$$$0000000C) refers to lab3.o(i.main) for main
    errno.o(i.__aeabi_errno_addr) refers to errno.o(.data) for .data
    errno.o(i.__read_errno) refers to errno.o(.data) for .data
    errno.o(i.__set_errno) refers to errno.o(.data) for .data
    strtol.o(.text) refers to ctype_o.o(.text) for __rt_ctype_table
    strtol.o(.text) refers to _strtoul.o(.text) for _strtoul
    strtol.o(.text) refers to errno.o(i.__aeabi_errno_addr) for __aeabi_errno_addr
    init.o(.text) refers to entry5.o(.ARM.Collect$$$$00000004) for __main_after_scatterload
    ctype_o.o(.text) refers to ctype_o.o(.constdata) for .constdata
    ctype_o.o(.constdata) refers to ctype_o.o(.constdata) for __ctype_table
    isalnum_o.o(.text) refers to ctype_o.o(.text) for __rt_ctype_table
    isalpha_o.o(.text) refers to ctype_o.o(.text) for __rt_ctype_table
    isblank_o.o(.text) refers to ctype_o.o(.constdata) for __ctype_table
    iscntrl_o.o(.text) refers to ctype_o.o(.text) for __rt_ctype_table
    isdigit_o.o(.text) refers to ctype_o.o(.text) for __rt_ctype_table
    isgraph_o.o(.text) refers to ctype_o.o(.text) for __rt_ctype_table
    islower_o.o(.text) refers to ctype_o.o(.text) for __rt_ctype_table
    isprint_o.o(.text) refers to ctype_o.o(.text) for __rt_ctype_table
    ispunct_o.o(.text) refers to ctype_o.o(.text) for __rt_ctype_table
    isspace_o.o(.text) refers to ctype_o.o(.text) for __rt_ctype_table
    isupper_o.o(.text) refers to ctype_o.o(.text) for __rt_ctype_table
    isxdigit_o.o(.text) refers to ctype_o.o(.text) for __rt_ctype_table
    _strtoul.o(.text) refers to _chval.o(.text) for _chval
    _strtoul.o(.text) refers to errno.o(i.__aeabi_errno_addr) for __aeabi_errno_addr


==============================================================================

Removing Unused input sections from the image.

    Removing startup.o(HEAP), (0 bytes).
    Removing st7735.o(i.Output_Init), (16 bytes).
    Removing st7735.o(i.Output_Off), (8 bytes).
    Removing st7735.o(i.Output_On), (8 bytes).
    Removing st7735.o(i.ST7735_DrawBitmap), (292 bytes).
    Removing st7735.o(i.ST7735_DrawChar), (272 bytes).
    Removing st7735.o(i.ST7735_DrawCircle), (172 bytes).
    Removing st7735.o(i.ST7735_DrawFastHLine), (128 bytes).
    Removing st7735.o(i.ST7735_DrawFastVLine), (128 bytes).
    Removing st7735.o(i.ST7735_DrawSmallCircle), (172 bytes).
    Removing st7735.o(i.ST7735_InitB), (40 bytes).
    Removing st7735.o(i.ST7735_OutUDec), (140 bytes).
    Removing st7735.o(i.ST7735_PlotBar), (88 bytes).
    Removing st7735.o(i.ST7735_PlotLine), (264 bytes).
    Removing st7735.o(i.ST7735_PlotNext), (32 bytes).
    Removing st7735.o(i.ST7735_PlotNextErase), (64 bytes).
    Removing st7735.o(i.ST7735_PlotPoint), (152 bytes).
    Removing st7735.o(i.ST7735_PlotPoints), (172 bytes).
    Removing st7735.o(i.ST7735_PlotdBfs), (60 bytes).
    Removing st7735.o(i.ST7735_SetRotation), (216 bytes).
    Removing st7735.o(i.ST7735_SwapColor), (18 bytes).
    Removing st7735.o(i.ferror), (8 bytes).
    Removing st7735.o(i.fgetc), (6 bytes).
    Removing st7735.o(i.fillmessage), (72 bytes).
    Removing st7735.o(i.fputc), (16 bytes).
    Removing st7735.o(.bss), (12 bytes).
    Removing lab3.o(i.Pause), (40 bytes).
    Removing lcd.o(i.abs), (14 bytes).
    Removing lcd.o(i.drawLine), (6 bytes).
    Removing lcd.o(i.sgn), (24 bytes).
    Removing adcswtrigger.o(i.ADC0_InSeq3), (44 bytes).
    Removing adcswtrigger.o(i.ADC0_InitSWTriggerSeq3_Ch9), (236 bytes).
    Removing buttons.o(i.Buttons_Init), (264 bytes).
    Removing buttons.o(.data), (24 bytes).
    Removing pwm.o(i.PWM0A_Duty), (12 bytes).
    Removing pwm.o(i.PWM0B_Duty), (12 bytes).
    Removing pwm.o(i.PWM0B_Init), (188 bytes).
    Removing esp8266.o(i.ESP8266_AvailableInput), (8 bytes).
    Removing uart.o(i.RxFifo_Get), (60 bytes).
    Removing uart.o(i.RxFifo_Init), (36 bytes).
    Removing uart.o(i.TxFifo_Init), (36 bytes).
    Removing uart.o(i.UART_InChar), (20 bytes).
    Removing uart.o(i.UART_InCharNonBlock), (20 bytes).
    Removing uart.o(i.UART_InString), (70 bytes).
    Removing uart.o(i.UART_InUDec), (76 bytes).
    Removing uart.o(i.UART_InUHex), (108 bytes).
    Removing uart.o(i.UART_Init), (204 bytes).
    Removing uart.o(i.UART_OutUDec), (42 bytes).
    Removing uart.o(i.UART_OutUHex), (52 bytes).

49 unused section(s) (total 4152 bytes) removed from the image.

==============================================================================

Image Symbol Table

    Local Symbols

    Symbol Name                              Value     Ov Type        Size  Object(Section)

    RESET                                    0x00000000   Section      644  startup.o(RESET)
    ../clib/../cmprslib/zerorunl.c           0x00000000   Number         0  __dczerorl.o ABSOLUTE
    ../clib/microlib/ctype/ctype.c           0x00000000   Number         0  ispunct_o.o ABSOLUTE
    ../clib/microlib/ctype/ctype.c           0x00000000   Number         0  isspace_o.o ABSOLUTE
    ../clib/microlib/ctype/ctype.c           0x00000000   Number         0  isupper_o.o ABSOLUTE
    ../clib/microlib/ctype/ctype.c           0x00000000   Number         0  isxdigit_o.o ABSOLUTE
    ../clib/microlib/ctype/ctype.c           0x00000000   Number         0  isgraph_o.o ABSOLUTE
    ../clib/microlib/ctype/ctype.c           0x00000000   Number         0  ctype_o.o ABSOLUTE
    ../clib/microlib/ctype/ctype.c           0x00000000   Number         0  isprint_o.o ABSOLUTE
    ../clib/microlib/ctype/ctype.c           0x00000000   Number         0  islower_o.o ABSOLUTE
    ../clib/microlib/ctype/ctype.c           0x00000000   Number         0  isdigit_o.o ABSOLUTE
    ../clib/microlib/ctype/ctype.c           0x00000000   Number         0  iscntrl_o.o ABSOLUTE
    ../clib/microlib/ctype/ctype.c           0x00000000   Number         0  isblank_o.o ABSOLUTE
    ../clib/microlib/ctype/ctype.c           0x00000000   Number         0  isalpha_o.o ABSOLUTE
    ../clib/microlib/ctype/ctype.c           0x00000000   Number         0  isalnum_o.o ABSOLUTE
    ../clib/microlib/errno.c                 0x00000000   Number         0  errno.o ABSOLUTE
    ../clib/microlib/init/entry.s            0x00000000   Number         0  entry9a.o ABSOLUTE
    ../clib/microlib/init/entry.s            0x00000000   Number         0  entry11b.o ABSOLUTE
    ../clib/microlib/init/entry.s            0x00000000   Number         0  entry11a.o ABSOLUTE
    ../clib/microlib/init/entry.s            0x00000000   Number         0  entry5.o ABSOLUTE
    ../clib/microlib/init/entry.s            0x00000000   Number         0  entry10b.o ABSOLUTE
    ../clib/microlib/init/entry.s            0x00000000   Number         0  entry7a.o ABSOLUTE
    ../clib/microlib/init/entry.s            0x00000000   Number         0  entry7b.o ABSOLUTE
    ../clib/microlib/init/entry.s            0x00000000   Number         0  entry10a.o ABSOLUTE
    ../clib/microlib/init/entry.s            0x00000000   Number         0  entry9b.o ABSOLUTE
    ../clib/microlib/init/entry.s            0x00000000   Number         0  entry.o ABSOLUTE
    ../clib/microlib/init/entry.s            0x00000000   Number         0  entry8b.o ABSOLUTE
    ../clib/microlib/init/entry.s            0x00000000   Number         0  entry8a.o ABSOLUTE
    ../clib/microlib/init/entry.s            0x00000000   Number         0  entry2.o ABSOLUTE
    ../clib/microlib/string/strcpy.c         0x00000000   Number         0  strcpy.o ABSOLUTE
    ../clib/microlib/string/strtok.c         0x00000000   Number         0  strtok.o ABSOLUTE
    ../clib/microlib/string/strtok.c         0x00000000   Number         0  strtok_r.o ABSOLUTE
    ../clib/scanf.c                          0x00000000   Number         0  _chval.o ABSOLUTE
    ../clib/scanf.c                          0x00000000   Number         0  _strtoul.o ABSOLUTE
    ../clib/scanf.c                          0x00000000   Number         0  atoi.o ABSOLUTE
    ../clib/scanf.c                          0x00000000   Number         0  strtol.o ABSOLUTE
    ADCSWTrigger.c                           0x00000000   Number         0  adcswtrigger.o ABSOLUTE
    Blynk.c                                  0x00000000   Number         0  blynk.o ABSOLUTE
    Buttons.c                                0x00000000   Number         0  buttons.o ABSOLUTE
    LCD.c                                    0x00000000   Number         0  lcd.o ABSOLUTE
    Lab3.c                                   0x00000000   Number         0  lab3.o ABSOLUTE
    PLL.c                                    0x00000000   Number         0  pll.o ABSOLUTE
    PWM.c                                    0x00000000   Number         0  pwm.o ABSOLUTE
    ST7735.c                                 0x00000000   Number         0  st7735.o ABSOLUTE
    Speaker.c                                0x00000000   Number         0  speaker.o ABSOLUTE
    Systick.c                                0x00000000   Number         0  systick.o ABSOLUTE
    Timer2.c                                 0x00000000   Number         0  timer2.o ABSOLUTE
    Timer3.c                                 0x00000000   Number         0  timer3.o ABSOLUTE
    Timers.c                                 0x00000000   Number         0  timers.o ABSOLUTE
    UART.c                                   0x00000000   Number         0  uart.o ABSOLUTE
    dc.s                                     0x00000000   Number         0  dc.o ABSOLUTE
    esp8266.c                                0x00000000   Number         0  esp8266.o ABSOLUTE
    handlers.s                               0x00000000   Number         0  handlers.o ABSOLUTE
    init.s                                   0x00000000   Number         0  init.o ABSOLUTE
    startup.s                                0x00000000   Number         0  startup.o ABSOLUTE
    .ARM.Collect$$$$00000000                 0x00000284   Section        0  entry.o(.ARM.Collect$$$$00000000)
    .ARM.Collect$$$$00000001                 0x00000284   Section        4  entry2.o(.ARM.Collect$$$$00000001)
    .ARM.Collect$$$$00000004                 0x00000288   Section        4  entry5.o(.ARM.Collect$$$$00000004)
    .ARM.Collect$$$$00000008                 0x0000028c   Section        0  entry7b.o(.ARM.Collect$$$$00000008)
    .ARM.Collect$$$$0000000A                 0x0000028c   Section        0  entry8b.o(.ARM.Collect$$$$0000000A)
    .ARM.Collect$$$$0000000B                 0x0000028c   Section        8  entry9a.o(.ARM.Collect$$$$0000000B)
    .ARM.Collect$$$$0000000D                 0x00000294   Section        0  entry10a.o(.ARM.Collect$$$$0000000D)
    .ARM.Collect$$$$0000000F                 0x00000294   Section        0  entry11a.o(.ARM.Collect$$$$0000000F)
    .ARM.Collect$$$$00002712                 0x00000294   Section        4  entry2.o(.ARM.Collect$$$$00002712)
    __lit__00000000                          0x00000294   Data           4  entry2.o(.ARM.Collect$$$$00002712)
    .text                                    0x00000298   Section       28  startup.o(.text)
    .text                                    0x000002b4   Section        0  strcpy.o(.text)
    .text                                    0x000002c8   Section        0  strtok.o(.text)
    .text                                    0x0000030c   Section        0  atoi.o(.text)
    .text                                    0x00000326   Section        0  strtol.o(.text)
    .text                                    0x00000398   Section       36  init.o(.text)
    .text                                    0x000003bc   Section        0  ctype_o.o(.text)
    .text                                    0x000003c4   Section        0  _strtoul.o(.text)
    .text                                    0x00000462   Section        0  _chval.o(.text)
    .text                                    0x0000047e   Section        0  __dczerorl.o(.text)
    i.Blynk_to_TM4C                          0x000004b8   Section        0  lab3.o(i.Blynk_to_TM4C)
    i.Delay1ms                               0x00000538   Section        0  st7735.o(i.Delay1ms)
    i.DelayMs                                0x00000558   Section        0  esp8266.o(i.DelayMs)
    i.DelayWait10ms                          0x00000578   Section        0  buttons.o(i.DelayWait10ms)
    i.ESP8266_GetMessage                     0x00000598   Section        0  esp8266.o(i.ESP8266_GetMessage)
    i.ESP8266_Init                           0x000005e8   Section        0  esp8266.o(i.ESP8266_Init)
    i.ESP8266_OutChar                        0x00000670   Section        0  esp8266.o(i.ESP8266_OutChar)
    i.ESP8266_OutString                      0x000006a4   Section        0  esp8266.o(i.ESP8266_OutString)
    i.ESP8266_OutUDec                        0x000006bc   Section        0  esp8266.o(i.ESP8266_OutUDec)
    i.ESP8266_Reset                          0x000006e8   Section        0  esp8266.o(i.ESP8266_Reset)
    i.ESP8266_SetupWiFi                      0x000007e0   Section        0  esp8266.o(i.ESP8266_SetupWiFi)
    i.GPIOPortB_Handler                      0x000009f8   Section        0  buttons.o(i.GPIOPortB_Handler)
    i.Output_Clear                           0x00000a0c   Section        0  st7735.o(i.Output_Clear)
    i.Output_Color                           0x00000a16   Section        0  st7735.o(i.Output_Color)
    i.PLL_Init                               0x00000a24   Section        0  pll.o(i.PLL_Init)
    i.PWM0A_Init                             0x00000aa0   Section        0  pwm.o(i.PWM0A_Init)
    i.PortF_Init                             0x00000b58   Section        0  lab3.o(i.PortF_Init)
    i.Rx5Fifo_Init                           0x00000bec   Section        0  esp8266.o(i.Rx5Fifo_Init)
    i.Rx5Fifo_Put                            0x00000c18   Section        0  esp8266.o(i.Rx5Fifo_Put)
    i.Rx5Fifo_Size                           0x00000ce8   Section        0  esp8266.o(i.Rx5Fifo_Size)
    i.RxFifo_Put                             0x00000cfc   Section        0  uart.o(i.RxFifo_Put)
    i.RxFifo_Size                            0x00000d38   Section        0  uart.o(i.RxFifo_Size)
    i.ST7735_Color565                        0x00000d4c   Section        0  st7735.o(i.ST7735_Color565)
    i.ST7735_DrawCharS                       0x00000d64   Section        0  st7735.o(i.ST7735_DrawCharS)
    i.ST7735_DrawPixel                       0x00000e58   Section        0  st7735.o(i.ST7735_DrawPixel)
    i.ST7735_DrawString                      0x00000ea4   Section        0  st7735.o(i.ST7735_DrawString)
    i.ST7735_FillRect                        0x00000efc   Section        0  st7735.o(i.ST7735_FillRect)
    i.ST7735_FillScreen                      0x00000fac   Section        0  st7735.o(i.ST7735_FillScreen)
    i.ST7735_InitR                           0x00000fd0   Section        0  st7735.o(i.ST7735_InitR)
    i.ST7735_InvertDisplay                   0x0000104c   Section        0  st7735.o(i.ST7735_InvertDisplay)
    i.ST7735_OutChar                         0x00001068   Section        0  st7735.o(i.ST7735_OutChar)
    i.ST7735_OutString                       0x00001140   Section        0  st7735.o(i.ST7735_OutString)
    i.ST7735_PlotClear                       0x00001158   Section        0  st7735.o(i.ST7735_PlotClear)
    i.ST7735_SetCursor                       0x000011b4   Section        0  st7735.o(i.ST7735_SetCursor)
    i.ST7735_SetTextColor                    0x000011d4   Section        0  st7735.o(i.ST7735_SetTextColor)
    i.ST7735_XYplot                          0x000011e0   Section        0  lcd.o(i.ST7735_XYplot)
    i.ST7735_XYplotInit                      0x00001254   Section        0  lcd.o(i.ST7735_XYplotInit)
    i.SendInformation                        0x000012b8   Section        0  lab3.o(i.SendInformation)
    i.TM4C_to_Blynk                          0x00001324   Section        0  lab3.o(i.TM4C_to_Blynk)
    i.Timer0A_Handler                        0x00001360   Section        0  timers.o(i.Timer0A_Handler)
    i.Timer0A_Init100HzInt                   0x000013a0   Section        0  timers.o(i.Timer0A_Init100HzInt)
    i.Timer1A_Handler                        0x00001414   Section        0  timers.o(i.Timer1A_Handler)
    i.Timer1A_Init                           0x00001420   Section        0  timers.o(i.Timer1A_Init)
    i.Timer2A_Handler                        0x00001494   Section        0  timer2.o(i.Timer2A_Handler)
    i.Timer2_Init                            0x000014ac   Section        0  timer2.o(i.Timer2_Init)
    i.Timer3A_Handler                        0x0000150c   Section        0  timer3.o(i.Timer3A_Handler)
    i.Timer3_Init                            0x00001524   Section        0  timer3.o(i.Timer3_Init)
    i.Tx5Fifo_Get                            0x00001584   Section        0  esp8266.o(i.Tx5Fifo_Get)
    i.Tx5Fifo_Init                           0x000015bc   Section        0  esp8266.o(i.Tx5Fifo_Init)
    i.Tx5Fifo_Put                            0x000015e0   Section        0  esp8266.o(i.Tx5Fifo_Put)
    i.Tx5Fifo_Size                           0x0000161c   Section        0  esp8266.o(i.Tx5Fifo_Size)
    i.TxFifo_Get                             0x00001630   Section        0  uart.o(i.TxFifo_Get)
    i.TxFifo_Put                             0x0000166c   Section        0  uart.o(i.TxFifo_Put)
    i.TxFifo_Size                            0x000016a8   Section        0  uart.o(i.TxFifo_Size)
    i.UART0_Handler                          0x000016bc   Section        0  uart.o(i.UART0_Handler)
    i.UART5_Handler                          0x00001714   Section        0  esp8266.o(i.UART5_Handler)
    i.UART5_Init                             0x0000176c   Section        0  esp8266.o(i.UART5_Init)
    i.UART_OutChar                           0x00001844   Section        0  uart.o(i.UART_OutChar)
    i.UART_OutString                         0x00001878   Section        0  uart.o(i.UART_OutString)
    i.__aeabi_errno_addr                     0x00001890   Section        0  errno.o(i.__aeabi_errno_addr)
    i.__scatterload_copy                     0x00001898   Section       14  handlers.o(i.__scatterload_copy)
    i.__scatterload_null                     0x000018a6   Section        2  handlers.o(i.__scatterload_null)
    i.__scatterload_zeroinit                 0x000018a8   Section       14  handlers.o(i.__scatterload_zeroinit)
    i.commandList                            0x000018b6   Section        0  st7735.o(i.commandList)
    commandList                              0x000018b7   Thumb Code    86  st7735.o(i.commandList)
    i.commonInit                             0x0000190c   Section        0  st7735.o(i.commonInit)
    commonInit                               0x0000190d   Thumb Code   340  st7735.o(i.commonInit)
    i.copyHardwareToSoftware                 0x00001a90   Section        0  uart.o(i.copyHardwareToSoftware)
    copyHardwareToSoftware                   0x00001a91   Thumb Code    36  uart.o(i.copyHardwareToSoftware)
    i.copyHardwareToSoftware5                0x00001ab8   Section        0  esp8266.o(i.copyHardwareToSoftware5)
    copyHardwareToSoftware5                  0x00001ab9   Thumb Code    36  esp8266.o(i.copyHardwareToSoftware5)
    i.copySoftwareToHardware                 0x00001ae0   Section        0  uart.o(i.copySoftwareToHardware)
    copySoftwareToHardware                   0x00001ae1   Thumb Code    38  uart.o(i.copySoftwareToHardware)
    i.copySoftwareToHardware5                0x00001b0c   Section        0  esp8266.o(i.copySoftwareToHardware5)
    copySoftwareToHardware5                  0x00001b0d   Thumb Code    38  esp8266.o(i.copySoftwareToHardware5)
    i.deselect                               0x00001b38   Section        0  st7735.o(i.deselect)
    deselect                                 0x00001b39   Thumb Code    24  st7735.o(i.deselect)
    i.enableHeartbeat                        0x00001b54   Section        0  lab3.o(i.enableHeartbeat)
    i.itoa_simple                            0x00001b56   Section        0  lcd.o(i.itoa_simple)
    i.itoa_simple_helper                     0x00001b7c   Section        0  lcd.o(i.itoa_simple_helper)
    itoa_simple_helper                       0x00001b7d   Thumb Code    52  lcd.o(i.itoa_simple_helper)
    i.main                                   0x00001bb0   Section        0  lab3.o(i.main)
    i.outputAlarm                            0x00001cdc   Section        0  lcd.o(i.outputAlarm)
    i.outputLCD                              0x00001e4c   Section        0  lcd.o(i.outputLCD)
    i.outputSpeaker                          0x00002184   Section        0  speaker.o(i.outputSpeaker)
    i.outputTime                             0x000021a8   Section        0  lcd.o(i.outputTime)
    i.outputTime2                            0x00002318   Section        0  lcd.o(i.outputTime2)
    i.processInput                           0x00002338   Section        0  buttons.o(i.processInput)
    i.pushColor                              0x00002668   Section        0  st7735.o(i.pushColor)
    pushColor                                0x00002669   Thumb Code    18  st7735.o(i.pushColor)
    i.readInput                              0x0000267c   Section        0  buttons.o(i.readInput)
    i.setAddrWindow                          0x00002930   Section        0  st7735.o(i.setAddrWindow)
    setAddrWindow                            0x00002931   Thumb Code   106  st7735.o(i.setAddrWindow)
    i.switchInit                             0x000029a4   Section        0  lab3.o(i.switchInit)
    i.timerInit                              0x000029a6   Section        0  lab3.o(i.timerInit)
    i.writecommand                           0x000029a8   Section        0  st7735.o(i.writecommand)
    writecommand                             0x000029a9   Thumb Code    46  st7735.o(i.writecommand)
    i.writedata                              0x000029e0   Section        0  st7735.o(i.writedata)
    writedata                                0x000029e1   Thumb Code    24  st7735.o(i.writedata)
    .constdata                               0x00002a00   Section     2114  st7735.o(.constdata)
    Font                                     0x00002a00   Data        1275  st7735.o(.constdata)
    Bcmd                                     0x00002efb   Data         103  st7735.o(.constdata)
    Rcmd1                                    0x00002f62   Data          59  st7735.o(.constdata)
    Rcmd2green                               0x00002f9d   Data          13  st7735.o(.constdata)
    Rcmd2red                                 0x00002faa   Data          13  st7735.o(.constdata)
    Rcmd3                                    0x00002fb7   Data          43  st7735.o(.constdata)
    .constdata                               0x00003244   Section     1440  lcd.o(.constdata)
    .constdata                               0x000037e4   Section      129  ctype_o.o(.constdata)
    .constdata                               0x00003868   Section        4  ctype_o.o(.constdata)
    table                                    0x00003868   Data           4  ctype_o.o(.constdata)
    .data                                    0x20000000   Section       44  st7735.o(.data)
    _width                                   0x2000000a   Data           2  st7735.o(.data)
    _height                                  0x2000000c   Data           2  st7735.o(.data)
    ColStart                                 0x20000014   Data           1  st7735.o(.data)
    RowStart                                 0x20000015   Data           1  st7735.o(.data)
    Rotation                                 0x20000016   Data           1  st7735.o(.data)
    TabColor                                 0x20000017   Data           1  st7735.o(.data)
    .data                                    0x2000002c   Section      100  lab3.o(.data)
    .data                                    0x20000090   Section      148  esp8266.o(.data)
    .data                                    0x20000124   Section        4  timer2.o(.data)
    .data                                    0x20000128   Section        4  timer3.o(.data)
    .data                                    0x2000012c   Section       16  uart.o(.data)
    .data                                    0x2000013c   Section        4  strtok.o(.data)
    state                                    0x2000013c   Data           4  strtok.o(.data)
    .data                                    0x20000140   Section        4  errno.o(.data)
    _errno                                   0x20000140   Data           4  errno.o(.data)
    .bss                                     0x20000144   Section       64  lab3.o(.bss)
    .bss                                     0x20000184   Section      832  esp8266.o(.bss)
    Tx5Fifo                                  0x200003c4   Data         256  esp8266.o(.bss)
    .bss                                     0x200004c4   Section      128  uart.o(.bss)
    RxFifo                                   0x200004c4   Data          64  uart.o(.bss)
    TxFifo                                   0x20000504   Data          64  uart.o(.bss)
    STACK                                    0x20000548   Section     1024  startup.o(STACK)
    StackMem                                 0x20000548   Data           0  startup.o(STACK)

    Global Symbols

    Symbol Name                              Value     Ov Type        Size  Object(Section)

    BuildAttributes$$THM_ISAv4$E$P$D$K$B$S$7EM$PE$A:L22UL41UL21$X:L11$S22US41US21$IEEE1$IW$USESV6$~STKCKD$USESV7$~SHL$OSPACE$EBA8$MICROLIB$REQ8$PRES8$EABIv2 0x00000000   Number         0  anon$$obj.o ABSOLUTE
    __ARM_use_no_argv                        0x00000000   Number         0  lab3.o ABSOLUTE
    __Vectors                                0x00000000   Data           0  startup.o(RESET)
    __cpp_initialize__aeabi_                  - Undefined Weak Reference
    __cxa_finalize                            - Undefined Weak Reference
    _clock_init                               - Undefined Weak Reference
    _microlib_exit                            - Undefined Weak Reference
    Reset_Handler                            0x0000026d   Thumb Code     0  startup.o(RESET)
    NMI_Handler                              0x00000271   Thumb Code     2  startup.o(RESET)
    HardFault_Handler                        0x00000273   Thumb Code     2  startup.o(RESET)
    MemManage_Handler                        0x00000275   Thumb Code     2  startup.o(RESET)
    BusFault_Handler                         0x00000277   Thumb Code     2  startup.o(RESET)
    UsageFault_Handler                       0x00000279   Thumb Code     2  startup.o(RESET)
    SVC_Handler                              0x0000027b   Thumb Code     2  startup.o(RESET)
    DebugMon_Handler                         0x0000027d   Thumb Code     2  startup.o(RESET)
    PendSV_Handler                           0x0000027f   Thumb Code     2  startup.o(RESET)
    SysTick_Handler                          0x00000281   Thumb Code     2  startup.o(RESET)
    ADC0Seq0_Handler                         0x00000283   Thumb Code     0  startup.o(RESET)
    ADC0Seq1_Handler                         0x00000283   Thumb Code     0  startup.o(RESET)
    ADC0Seq2_Handler                         0x00000283   Thumb Code     0  startup.o(RESET)
    ADC0Seq3_Handler                         0x00000283   Thumb Code     0  startup.o(RESET)
    ADC1Seq0_Handler                         0x00000283   Thumb Code     0  startup.o(RESET)
    ADC1Seq1_Handler                         0x00000283   Thumb Code     0  startup.o(RESET)
    ADC1Seq2_Handler                         0x00000283   Thumb Code     0  startup.o(RESET)
    ADC1Seq3_Handler                         0x00000283   Thumb Code     0  startup.o(RESET)
    CAN0_Handler                             0x00000283   Thumb Code     0  startup.o(RESET)
    CAN1_Handler                             0x00000283   Thumb Code     0  startup.o(RESET)
    CAN2_Handler                             0x00000283   Thumb Code     0  startup.o(RESET)
    Comp0_Handler                            0x00000283   Thumb Code     0  startup.o(RESET)
    Comp1_Handler                            0x00000283   Thumb Code     0  startup.o(RESET)
    Comp2_Handler                            0x00000283   Thumb Code     0  startup.o(RESET)
    Ethernet_Handler                         0x00000283   Thumb Code     0  startup.o(RESET)
    ExtBus_Handler                           0x00000283   Thumb Code     0  startup.o(RESET)
    FPU_Handler                              0x00000283   Thumb Code     0  startup.o(RESET)
    Fan0_Handler                             0x00000283   Thumb Code     0  startup.o(RESET)
    FlashCtl_Handler                         0x00000283   Thumb Code     0  startup.o(RESET)
    GPIOPortA_Handler                        0x00000283   Thumb Code     0  startup.o(RESET)
    GPIOPortC_Handler                        0x00000283   Thumb Code     0  startup.o(RESET)
    GPIOPortD_Handler                        0x00000283   Thumb Code     0  startup.o(RESET)
    GPIOPortE_Handler                        0x00000283   Thumb Code     0  startup.o(RESET)
    GPIOPortF_Handler                        0x00000283   Thumb Code     0  startup.o(RESET)
    GPIOPortG_Handler                        0x00000283   Thumb Code     0  startup.o(RESET)
    GPIOPortH_Handler                        0x00000283   Thumb Code     0  startup.o(RESET)
    GPIOPortJ_Handler                        0x00000283   Thumb Code     0  startup.o(RESET)
    GPIOPortK_Handler                        0x00000283   Thumb Code     0  startup.o(RESET)
    GPIOPortL_Handler                        0x00000283   Thumb Code     0  startup.o(RESET)
    GPIOPortM_Handler                        0x00000283   Thumb Code     0  startup.o(RESET)
    GPIOPortN_Handler                        0x00000283   Thumb Code     0  startup.o(RESET)
    GPIOPortP1_Handler                       0x00000283   Thumb Code     0  startup.o(RESET)
    GPIOPortP2_Handler                       0x00000283   Thumb Code     0  startup.o(RESET)
    GPIOPortP3_Handler                       0x00000283   Thumb Code     0  startup.o(RESET)
    GPIOPortP4_Handler                       0x00000283   Thumb Code     0  startup.o(RESET)
    GPIOPortP5_Handler                       0x00000283   Thumb Code     0  startup.o(RESET)
    GPIOPortP6_Handler                       0x00000283   Thumb Code     0  startup.o(RESET)
    GPIOPortP7_Handler                       0x00000283   Thumb Code     0  startup.o(RESET)
    GPIOPortP_Handler                        0x00000283   Thumb Code     0  startup.o(RESET)
    GPIOPortQ1_Handler                       0x00000283   Thumb Code     0  startup.o(RESET)
    GPIOPortQ2_Handler                       0x00000283   Thumb Code     0  startup.o(RESET)
    GPIOPortQ3_Handler                       0x00000283   Thumb Code     0  startup.o(RESET)
    GPIOPortQ4_Handler                       0x00000283   Thumb Code     0  startup.o(RESET)
    GPIOPortQ5_Handler                       0x00000283   Thumb Code     0  startup.o(RESET)
    GPIOPortQ6_Handler                       0x00000283   Thumb Code     0  startup.o(RESET)
    GPIOPortQ7_Handler                       0x00000283   Thumb Code     0  startup.o(RESET)
    GPIOPortQ_Handler                        0x00000283   Thumb Code     0  startup.o(RESET)
    GPIOPortR_Handler                        0x00000283   Thumb Code     0  startup.o(RESET)
    GPIOPortS_Handler                        0x00000283   Thumb Code     0  startup.o(RESET)
    Hibernate_Handler                        0x00000283   Thumb Code     0  startup.o(RESET)
    I2C0_Handler                             0x00000283   Thumb Code     0  startup.o(RESET)
    I2C1_Handler                             0x00000283   Thumb Code     0  startup.o(RESET)
    I2C2_Handler                             0x00000283   Thumb Code     0  startup.o(RESET)
    I2C3_Handler                             0x00000283   Thumb Code     0  startup.o(RESET)
    I2C4_Handler                             0x00000283   Thumb Code     0  startup.o(RESET)
    I2C5_Handler                             0x00000283   Thumb Code     0  startup.o(RESET)
    I2S0_Handler                             0x00000283   Thumb Code     0  startup.o(RESET)
    LPC0_Handler                             0x00000283   Thumb Code     0  startup.o(RESET)
    PECI0_Handler                            0x00000283   Thumb Code     0  startup.o(RESET)
    PWM0Fault_Handler                        0x00000283   Thumb Code     0  startup.o(RESET)
    PWM0Generator0_Handler                   0x00000283   Thumb Code     0  startup.o(RESET)
    PWM0Generator1_Handler                   0x00000283   Thumb Code     0  startup.o(RESET)
    PWM0Generator2_Handler                   0x00000283   Thumb Code     0  startup.o(RESET)
    PWM0Generator3_Handler                   0x00000283   Thumb Code     0  startup.o(RESET)
    PWM1Fault_Handler                        0x00000283   Thumb Code     0  startup.o(RESET)
    PWM1Generator0_Handler                   0x00000283   Thumb Code     0  startup.o(RESET)
    PWM1Generator1_Handler                   0x00000283   Thumb Code     0  startup.o(RESET)
    PWM1Generator2_Handler                   0x00000283   Thumb Code     0  startup.o(RESET)
    PWM1Generator3_Handler                   0x00000283   Thumb Code     0  startup.o(RESET)
    Quadrature0_Handler                      0x00000283   Thumb Code     0  startup.o(RESET)
    Quadrature1_Handler                      0x00000283   Thumb Code     0  startup.o(RESET)
    Quadrature2_Handler                      0x00000283   Thumb Code     0  startup.o(RESET)
    SSI0_Handler                             0x00000283   Thumb Code     0  startup.o(RESET)
    SSI1_Handler                             0x00000283   Thumb Code     0  startup.o(RESET)
    SSI2_Handler                             0x00000283   Thumb Code     0  startup.o(RESET)
    SSI3_Handler                             0x00000283   Thumb Code     0  startup.o(RESET)
    SysCtl_Handler                           0x00000283   Thumb Code     0  startup.o(RESET)
    Timer0B_Handler                          0x00000283   Thumb Code     0  startup.o(RESET)
    Timer1B_Handler                          0x00000283   Thumb Code     0  startup.o(RESET)
    Timer2B_Handler                          0x00000283   Thumb Code     0  startup.o(RESET)
    Timer3B_Handler                          0x00000283   Thumb Code     0  startup.o(RESET)
    Timer4A_Handler                          0x00000283   Thumb Code     0  startup.o(RESET)
    Timer4B_Handler                          0x00000283   Thumb Code     0  startup.o(RESET)
    Timer5A_Handler                          0x00000283   Thumb Code     0  startup.o(RESET)
    Timer5B_Handler                          0x00000283   Thumb Code     0  startup.o(RESET)
    UART1_Handler                            0x00000283   Thumb Code     0  startup.o(RESET)
    UART2_Handler                            0x00000283   Thumb Code     0  startup.o(RESET)
    UART3_Handler                            0x00000283   Thumb Code     0  startup.o(RESET)
    UART4_Handler                            0x00000283   Thumb Code     0  startup.o(RESET)
    UART6_Handler                            0x00000283   Thumb Code     0  startup.o(RESET)
    UART7_Handler                            0x00000283   Thumb Code     0  startup.o(RESET)
    USB0_Handler                             0x00000283   Thumb Code     0  startup.o(RESET)
    WDT_Handler                              0x00000283   Thumb Code     0  startup.o(RESET)
    WideTimer0A_Handler                      0x00000283   Thumb Code     0  startup.o(RESET)
    WideTimer0B_Handler                      0x00000283   Thumb Code     0  startup.o(RESET)
    WideTimer1A_Handler                      0x00000283   Thumb Code     0  startup.o(RESET)
    WideTimer1B_Handler                      0x00000283   Thumb Code     0  startup.o(RESET)
    WideTimer2A_Handler                      0x00000283   Thumb Code     0  startup.o(RESET)
    WideTimer2B_Handler                      0x00000283   Thumb Code     0  startup.o(RESET)
    WideTimer3A_Handler                      0x00000283   Thumb Code     0  startup.o(RESET)
    WideTimer3B_Handler                      0x00000283   Thumb Code     0  startup.o(RESET)
    WideTimer4A_Handler                      0x00000283   Thumb Code     0  startup.o(RESET)
    WideTimer4B_Handler                      0x00000283   Thumb Code     0  startup.o(RESET)
    WideTimer5A_Handler                      0x00000283   Thumb Code     0  startup.o(RESET)
    WideTimer5B_Handler                      0x00000283   Thumb Code     0  startup.o(RESET)
    uDMA_Error                               0x00000283   Thumb Code     0  startup.o(RESET)
    uDMA_Handler                             0x00000283   Thumb Code     0  startup.o(RESET)
    __main                                   0x00000285   Thumb Code     0  entry.o(.ARM.Collect$$$$00000000)
    _main_stk                                0x00000285   Thumb Code     0  entry2.o(.ARM.Collect$$$$00000001)
    _main_scatterload                        0x00000289   Thumb Code     0  entry5.o(.ARM.Collect$$$$00000004)
    __main_after_scatterload                 0x0000028d   Thumb Code     0  entry5.o(.ARM.Collect$$$$00000004)
    _main_clock                              0x0000028d   Thumb Code     0  entry7b.o(.ARM.Collect$$$$00000008)
    _main_cpp_init                           0x0000028d   Thumb Code     0  entry8b.o(.ARM.Collect$$$$0000000A)
    _main_init                               0x0000028d   Thumb Code     0  entry9a.o(.ARM.Collect$$$$0000000B)
    __rt_final_cpp                           0x00000295   Thumb Code     0  entry10a.o(.ARM.Collect$$$$0000000D)
    __rt_final_exit                          0x00000295   Thumb Code     0  entry11a.o(.ARM.Collect$$$$0000000F)
    DisableInterrupts                        0x00000299   Thumb Code     0  startup.o(.text)
    EnableInterrupts                         0x0000029d   Thumb Code     0  startup.o(.text)
    StartCritical                            0x000002a1   Thumb Code     0  startup.o(.text)
    EndCritical                              0x000002a9   Thumb Code     0  startup.o(.text)
    WaitForInterrupt                         0x000002af   Thumb Code     0  startup.o(.text)
    strcpy                                   0x000002b5   Thumb Code    18  strcpy.o(.text)
    strtok                                   0x000002c9   Thumb Code    62  strtok.o(.text)
    atoi                                     0x0000030d   Thumb Code    26  atoi.o(.text)
    strtol                                   0x00000327   Thumb Code   112  strtol.o(.text)
    __scatterload                            0x00000399   Thumb Code    28  init.o(.text)
    __scatterload_rt2                        0x00000399   Thumb Code     0  init.o(.text)
    __rt_ctype_table                         0x000003bd   Thumb Code     4  ctype_o.o(.text)
    _strtoul                                 0x000003c5   Thumb Code   158  _strtoul.o(.text)
    _chval                                   0x00000463   Thumb Code    28  _chval.o(.text)
    __decompress                             0x0000047f   Thumb Code     0  __dczerorl.o(.text)
    __decompress0                            0x0000047f   Thumb Code    58  __dczerorl.o(.text)
    Blynk_to_TM4C                            0x000004b9   Thumb Code    98  lab3.o(i.Blynk_to_TM4C)
    Delay1ms                                 0x00000539   Thumb Code    32  st7735.o(i.Delay1ms)
    DelayMs                                  0x00000559   Thumb Code    32  esp8266.o(i.DelayMs)
    DelayWait10ms                            0x00000579   Thumb Code    32  buttons.o(i.DelayWait10ms)
    ESP8266_GetMessage                       0x00000599   Thumb Code    66  esp8266.o(i.ESP8266_GetMessage)
    ESP8266_Init                             0x000005e9   Thumb Code   118  esp8266.o(i.ESP8266_Init)
    ESP8266_OutChar                          0x00000671   Thumb Code    46  esp8266.o(i.ESP8266_OutChar)
    ESP8266_OutString                        0x000006a5   Thumb Code    24  esp8266.o(i.ESP8266_OutString)
    ESP8266_OutUDec                          0x000006bd   Thumb Code    42  esp8266.o(i.ESP8266_OutUDec)
    ESP8266_Reset                            0x000006e9   Thumb Code    68  esp8266.o(i.ESP8266_Reset)
    ESP8266_SetupWiFi                        0x000007e1   Thumb Code   260  esp8266.o(i.ESP8266_SetupWiFi)
    GPIOPortB_Handler                        0x000009f9   Thumb Code    14  buttons.o(i.GPIOPortB_Handler)
    Output_Clear                             0x00000a0d   Thumb Code    10  st7735.o(i.Output_Clear)
    Output_Color                             0x00000a17   Thumb Code    12  st7735.o(i.Output_Color)
    PLL_Init                                 0x00000a25   Thumb Code   118  pll.o(i.PLL_Init)
    PWM0A_Init                               0x00000aa1   Thumb Code   158  pwm.o(i.PWM0A_Init)
    PortF_Init                               0x00000b59   Thumb Code   110  lab3.o(i.PortF_Init)
    Rx5Fifo_Init                             0x00000bed   Thumb Code    30  esp8266.o(i.Rx5Fifo_Init)
    Rx5Fifo_Put                              0x00000c19   Thumb Code   192  esp8266.o(i.Rx5Fifo_Put)
    Rx5Fifo_Size                             0x00000ce9   Thumb Code    12  esp8266.o(i.Rx5Fifo_Size)
    RxFifo_Put                               0x00000cfd   Thumb Code    48  uart.o(i.RxFifo_Put)
    RxFifo_Size                              0x00000d39   Thumb Code    12  uart.o(i.RxFifo_Size)
    ST7735_Color565                          0x00000d4d   Thumb Code    24  st7735.o(i.ST7735_Color565)
    ST7735_DrawCharS                         0x00000d65   Thumb Code   232  st7735.o(i.ST7735_DrawCharS)
    ST7735_DrawPixel                         0x00000e59   Thumb Code    68  st7735.o(i.ST7735_DrawPixel)
    ST7735_DrawString                        0x00000ea5   Thumb Code    86  st7735.o(i.ST7735_DrawString)
    ST7735_FillRect                          0x00000efd   Thumb Code   168  st7735.o(i.ST7735_FillRect)
    ST7735_FillScreen                        0x00000fad   Thumb Code    28  st7735.o(i.ST7735_FillScreen)
    ST7735_InitR                             0x00000fd1   Thumb Code    90  st7735.o(i.ST7735_InitR)
    ST7735_InvertDisplay                     0x0000104d   Thumb Code    26  st7735.o(i.ST7735_InvertDisplay)
    ST7735_OutChar                           0x00001069   Thumb Code   178  st7735.o(i.ST7735_OutChar)
    ST7735_OutString                         0x00001141   Thumb Code    24  st7735.o(i.ST7735_OutString)
    ST7735_PlotClear                         0x00001159   Thumb Code    74  st7735.o(i.ST7735_PlotClear)
    ST7735_SetCursor                         0x000011b5   Thumb Code    22  st7735.o(i.ST7735_SetCursor)
    ST7735_SetTextColor                      0x000011d5   Thumb Code     6  st7735.o(i.ST7735_SetTextColor)
    ST7735_XYplot                            0x000011e1   Thumb Code   100  lcd.o(i.ST7735_XYplot)
    ST7735_XYplotInit                        0x00001255   Thumb Code    74  lcd.o(i.ST7735_XYplotInit)
    SendInformation                          0x000012b9   Thumb Code   100  lab3.o(i.SendInformation)
    TM4C_to_Blynk                            0x00001325   Thumb Code    50  lab3.o(i.TM4C_to_Blynk)
    Timer0A_Handler                          0x00001361   Thumb Code    52  timers.o(i.Timer0A_Handler)
    Timer0A_Init100HzInt                     0x000013a1   Thumb Code    94  timers.o(i.Timer0A_Init100HzInt)
    Timer1A_Handler                          0x00001415   Thumb Code     8  timers.o(i.Timer1A_Handler)
    Timer1A_Init                             0x00001421   Thumb Code    94  timers.o(i.Timer1A_Init)
    Timer2A_Handler                          0x00001495   Thumb Code    16  timer2.o(i.Timer2A_Handler)
    Timer2_Init                              0x000014ad   Thumb Code    76  timer2.o(i.Timer2_Init)
    Timer3A_Handler                          0x0000150d   Thumb Code    16  timer3.o(i.Timer3A_Handler)
    Timer3_Init                              0x00001525   Thumb Code    74  timer3.o(i.Timer3_Init)
    Tx5Fifo_Get                              0x00001585   Thumb Code    44  esp8266.o(i.Tx5Fifo_Get)
    Tx5Fifo_Init                             0x000015bd   Thumb Code    26  esp8266.o(i.Tx5Fifo_Init)
    Tx5Fifo_Put                              0x000015e1   Thumb Code    46  esp8266.o(i.Tx5Fifo_Put)
    Tx5Fifo_Size                             0x0000161d   Thumb Code    12  esp8266.o(i.Tx5Fifo_Size)
    TxFifo_Get                               0x00001631   Thumb Code    46  uart.o(i.TxFifo_Get)
    TxFifo_Put                               0x0000166d   Thumb Code    48  uart.o(i.TxFifo_Put)
    TxFifo_Size                              0x000016a9   Thumb Code    12  uart.o(i.TxFifo_Size)
    UART0_Handler                            0x000016bd   Thumb Code    82  uart.o(i.UART0_Handler)
    UART5_Handler                            0x00001715   Thumb Code    82  esp8266.o(i.UART5_Handler)
    UART5_Init                               0x0000176d   Thumb Code   190  esp8266.o(i.UART5_Init)
    UART_OutChar                             0x00001845   Thumb Code    46  uart.o(i.UART_OutChar)
    UART_OutString                           0x00001879   Thumb Code    24  uart.o(i.UART_OutString)
    __aeabi_errno_addr                       0x00001891   Thumb Code     4  errno.o(i.__aeabi_errno_addr)
    __rt_errno_addr                          0x00001891   Thumb Code     0  errno.o(i.__aeabi_errno_addr)
    __scatterload_copy                       0x00001899   Thumb Code    14  handlers.o(i.__scatterload_copy)
    __scatterload_null                       0x000018a7   Thumb Code     2  handlers.o(i.__scatterload_null)
    __scatterload_zeroinit                   0x000018a9   Thumb Code    14  handlers.o(i.__scatterload_zeroinit)
    enableHeartbeat                          0x00001b55   Thumb Code     2  lab3.o(i.enableHeartbeat)
    itoa_simple                              0x00001b57   Thumb Code    38  lcd.o(i.itoa_simple)
    main                                     0x00001bb1   Thumb Code   232  lab3.o(i.main)
    outputAlarm                              0x00001cdd   Thumb Code   308  lcd.o(i.outputAlarm)
    outputLCD                                0x00001e4d   Thumb Code   672  lcd.o(i.outputLCD)
    outputSpeaker                            0x00002185   Thumb Code    32  speaker.o(i.outputSpeaker)
    outputTime                               0x000021a9   Thumb Code   308  lcd.o(i.outputTime)
    outputTime2                              0x00002319   Thumb Code    22  lcd.o(i.outputTime2)
    processInput                             0x00002339   Thumb Code   768  buttons.o(i.processInput)
    readInput                                0x0000267d   Thumb Code   656  buttons.o(i.readInput)
    switchInit                               0x000029a5   Thumb Code     2  lab3.o(i.switchInit)
    timerInit                                0x000029a7   Thumb Code     2  lab3.o(i.timerInit)
    smallCircle                              0x00002fe2   Data          36  st7735.o(.constdata)
    circle                                   0x00003006   Data          60  st7735.o(.constdata)
    dBfs                                     0x00003042   Data         512  st7735.o(.constdata)
    CircleXbuf                               0x00003244   Data         720  lcd.o(.constdata)
    CircleYbuf                               0x00003514   Data         720  lcd.o(.constdata)
    __ctype_table                            0x000037e4   Data         129  ctype_o.o(.constdata)
    Region$$Table$$Base                      0x0000386c   Number         0  anon$$obj.o(Region$$Table)
    Region$$Table$$Limit                     0x0000388c   Number         0  anon$$obj.o(Region$$Table)
    StX                                      0x20000000   Data           4  st7735.o(.data)
    StY                                      0x20000004   Data           4  st7735.o(.data)
    StTextColor                              0x20000008   Data           2  st7735.o(.data)
    lastj                                    0x20000010   Data           4  st7735.o(.data)
    Messageindex                             0x20000018   Data           4  st7735.o(.data)
    Ymax                                     0x2000001c   Data           4  st7735.o(.data)
    Ymin                                     0x20000020   Data           4  st7735.o(.data)
    X                                        0x20000024   Data           4  st7735.o(.data)
    Yrange                                   0x20000028   Data           4  st7735.o(.data)
    Pin_Number                               0x2000002c   Data           2  lab3.o(.data)
    Pin_Integer                              0x2000002e   Data           8  lab3.o(.data)
    Pin_Float                                0x20000036   Data           8  lab3.o(.data)
    minX_global                              0x20000040   Data           4  lab3.o(.data)
    maxX_global                              0x20000044   Data           4  lab3.o(.data)
    minY_global                              0x20000048   Data           4  lab3.o(.data)
    maxY_global                              0x2000004c   Data           4  lab3.o(.data)
    rangeX                                   0x20000050   Data           4  lab3.o(.data)
    rangeY                                   0x20000054   Data           4  lab3.o(.data)
    state                                    0x20000058   Data           4  lab3.o(.data)
    alarmSet                                 0x2000005c   Data           4  lab3.o(.data)
    colorMode                                0x20000060   Data           4  lab3.o(.data)
    time                                     0x20000064   Data           4  lab3.o(.data)
    alarm_time                               0x20000068   Data           4  lab3.o(.data)
    count                                    0x2000006c   Data           4  lab3.o(.data)
    temp_time                                0x20000070   Data           4  lab3.o(.data)
    temp_alarm                               0x20000074   Data           4  lab3.o(.data)
    lastV1                                   0x20000078   Data           4  lab3.o(.data)
    lastV2                                   0x2000007c   Data           4  lab3.o(.data)
    lastV3                                   0x20000080   Data           4  lab3.o(.data)
    lastV4                                   0x20000084   Data           4  lab3.o(.data)
    pin_num                                  0x20000088   Data           4  lab3.o(.data)
    pin_int                                  0x2000008c   Data           4  lab3.o(.data)
    ssid                                     0x20000090   Data          32  esp8266.o(.data)
    pass                                     0x200000b0   Data          32  esp8266.o(.data)
    auth                                     0x200000d0   Data          64  esp8266.o(.data)
    Rx5PutI                                  0x20000110   Data           4  esp8266.o(.data)
    Rx5PutJ                                  0x20000114   Data           4  esp8266.o(.data)
    Rx5GetI                                  0x20000118   Data           4  esp8266.o(.data)
    Tx5PutI                                  0x2000011c   Data           4  esp8266.o(.data)
    Tx5GetI                                  0x20000120   Data           4  esp8266.o(.data)
    PeriodicTask2                            0x20000124   Data           4  timer2.o(.data)
    PeriodicTask3                            0x20000128   Data           4  timer3.o(.data)
    RxPutI                                   0x2000012c   Data           4  uart.o(.data)
    RxGetI                                   0x20000130   Data           4  uart.o(.data)
    TxPutI                                   0x20000134   Data           4  uart.o(.data)
    TxGetI                                   0x20000138   Data           4  uart.o(.data)
    serial_buf                               0x20000144   Data          64  lab3.o(.bss)
    Rx5Fifo                                  0x20000184   Data         512  esp8266.o(.bss)
    RxMessage                                0x20000384   Data          64  esp8266.o(.bss)
    __initial_sp                             0x20000948   Data           0  startup.o(STACK)



==============================================================================

Memory Map of the image

  Image Entry point : 0x0000026d

  Load Region LR_1 (Base: 0x00000000, Size: 0x000039d0, Max: 0xffffffff, ABSOLUTE, COMPRESSED[0x000038dc])

    Execution Region ER_RO (Base: 0x00000000, Size: 0x0000388c, Max: 0xffffffff, ABSOLUTE)

    Base Addr    Size         Type   Attr      Idx    E Section Name        Object

    0x00000000   0x00000284   Code   RO            3  * RESET               startup.o
    0x00000284   0x00000000   Code   RO          947  * .ARM.Collect$$$$00000000  mc_w.l(entry.o)
    0x00000284   0x00000004   Code   RO          960    .ARM.Collect$$$$00000001  mc_w.l(entry2.o)
    0x00000288   0x00000004   Code   RO          963    .ARM.Collect$$$$00000004  mc_w.l(entry5.o)
    0x0000028c   0x00000000   Code   RO          965    .ARM.Collect$$$$00000008  mc_w.l(entry7b.o)
    0x0000028c   0x00000000   Code   RO          967    .ARM.Collect$$$$0000000A  mc_w.l(entry8b.o)
    0x0000028c   0x00000008   Code   RO          968    .ARM.Collect$$$$0000000B  mc_w.l(entry9a.o)
    0x00000294   0x00000000   Code   RO          970    .ARM.Collect$$$$0000000D  mc_w.l(entry10a.o)
    0x00000294   0x00000000   Code   RO          972    .ARM.Collect$$$$0000000F  mc_w.l(entry11a.o)
    0x00000294   0x00000004   Code   RO          961    .ARM.Collect$$$$00002712  mc_w.l(entry2.o)
    0x00000298   0x0000001c   Code   RO            4    .text               startup.o
    0x000002b4   0x00000012   Code   RO          950    .text               mc_w.l(strcpy.o)
    0x000002c6   0x00000002   PAD
    0x000002c8   0x00000044   Code   RO          952    .text               mc_w.l(strtok.o)
    0x0000030c   0x0000001a   Code   RO          958    .text               mc_w.l(atoi.o)
    0x00000326   0x00000070   Code   RO          981    .text               mc_w.l(strtol.o)
    0x00000396   0x00000002   PAD
    0x00000398   0x00000024   Code   RO          983    .text               mc_w.l(init.o)
    0x000003bc   0x00000008   Code   RO          985    .text               mc_w.l(ctype_o.o)
    0x000003c4   0x0000009e   Code   RO         1013    .text               mc_w.l(_strtoul.o)
    0x00000462   0x0000001c   Code   RO         1015    .text               mc_w.l(_chval.o)
    0x0000047e   0x0000003a   Code   RO         1025    .text               mc_w.l(__dczerorl.o)
    0x000004b8   0x00000080   Code   RO          327    i.Blynk_to_TM4C     lab3.o
    0x00000538   0x00000020   Code   RO           34    i.Delay1ms          st7735.o
    0x00000558   0x00000020   Code   RO          640    i.DelayMs           esp8266.o
    0x00000578   0x00000020   Code   RO          569    i.DelayWait10ms     buttons.o
    0x00000598   0x00000050   Code   RO          642    i.ESP8266_GetMessage  esp8266.o
    0x000005e8   0x00000088   Code   RO          643    i.ESP8266_Init      esp8266.o
    0x00000670   0x00000034   Code   RO          644    i.ESP8266_OutChar   esp8266.o
    0x000006a4   0x00000018   Code   RO          645    i.ESP8266_OutString  esp8266.o
    0x000006bc   0x0000002a   Code   RO          646    i.ESP8266_OutUDec   esp8266.o
    0x000006e6   0x00000002   PAD
    0x000006e8   0x000000f8   Code   RO          647    i.ESP8266_Reset     esp8266.o
    0x000007e0   0x00000218   Code   RO          648    i.ESP8266_SetupWiFi  esp8266.o
    0x000009f8   0x00000014   Code   RO          570    i.GPIOPortB_Handler  buttons.o
    0x00000a0c   0x0000000a   Code   RO           35    i.Output_Clear      st7735.o
    0x00000a16   0x0000000c   Code   RO           36    i.Output_Color      st7735.o
    0x00000a22   0x00000002   PAD
    0x00000a24   0x0000007c   Code   RO           12    i.PLL_Init          pll.o
    0x00000aa0   0x000000b8   Code   RO          608    i.PWM0A_Init        pwm.o
    0x00000b58   0x00000094   Code   RO          329    i.PortF_Init        lab3.o
    0x00000bec   0x0000002c   Code   RO          649    i.Rx5Fifo_Init      esp8266.o
    0x00000c18   0x000000d0   Code   RO          650    i.Rx5Fifo_Put       esp8266.o
    0x00000ce8   0x00000014   Code   RO          651    i.Rx5Fifo_Size      esp8266.o
    0x00000cfc   0x0000003c   Code   RO          815    i.RxFifo_Put        uart.o
    0x00000d38   0x00000014   Code   RO          816    i.RxFifo_Size       uart.o
    0x00000d4c   0x00000018   Code   RO           40    i.ST7735_Color565   st7735.o
    0x00000d64   0x000000f4   Code   RO           43    i.ST7735_DrawCharS  st7735.o
    0x00000e58   0x0000004c   Code   RO           47    i.ST7735_DrawPixel  st7735.o
    0x00000ea4   0x00000056   Code   RO           49    i.ST7735_DrawString  st7735.o
    0x00000efa   0x00000002   PAD
    0x00000efc   0x000000b0   Code   RO           50    i.ST7735_FillRect   st7735.o
    0x00000fac   0x00000024   Code   RO           51    i.ST7735_FillScreen  st7735.o
    0x00000fd0   0x0000007c   Code   RO           53    i.ST7735_InitR      st7735.o
    0x0000104c   0x0000001a   Code   RO           54    i.ST7735_InvertDisplay  st7735.o
    0x00001066   0x00000002   PAD
    0x00001068   0x000000d8   Code   RO           55    i.ST7735_OutChar    st7735.o
    0x00001140   0x00000018   Code   RO           56    i.ST7735_OutString  st7735.o
    0x00001158   0x0000005c   Code   RO           59    i.ST7735_PlotClear  st7735.o
    0x000011b4   0x00000020   Code   RO           66    i.ST7735_SetCursor  st7735.o
    0x000011d4   0x0000000c   Code   RO           68    i.ST7735_SetTextColor  st7735.o
    0x000011e0   0x00000074   Code   RO          472    i.ST7735_XYplot     lcd.o
    0x00001254   0x00000064   Code   RO          473    i.ST7735_XYplotInit  lcd.o
    0x000012b8   0x0000006c   Code   RO          330    i.SendInformation   lab3.o
    0x00001324   0x0000003c   Code   RO          331    i.TM4C_to_Blynk     lab3.o
    0x00001360   0x00000040   Code   RO          418    i.Timer0A_Handler   timers.o
    0x000013a0   0x00000074   Code   RO          419    i.Timer0A_Init100HzInt  timers.o
    0x00001414   0x0000000c   Code   RO          420    i.Timer1A_Handler   timers.o
    0x00001420   0x00000074   Code   RO          421    i.Timer1A_Init      timers.o
    0x00001494   0x00000018   Code   RO          771    i.Timer2A_Handler   timer2.o
    0x000014ac   0x00000060   Code   RO          772    i.Timer2_Init       timer2.o
    0x0000150c   0x00000018   Code   RO          792    i.Timer3A_Handler   timer3.o
    0x00001524   0x00000060   Code   RO          793    i.Timer3_Init       timer3.o
    0x00001584   0x00000038   Code   RO          652    i.Tx5Fifo_Get       esp8266.o
    0x000015bc   0x00000024   Code   RO          653    i.Tx5Fifo_Init      esp8266.o
    0x000015e0   0x0000003c   Code   RO          654    i.Tx5Fifo_Put       esp8266.o
    0x0000161c   0x00000014   Code   RO          655    i.Tx5Fifo_Size      esp8266.o
    0x00001630   0x0000003c   Code   RO          817    i.TxFifo_Get        uart.o
    0x0000166c   0x0000003c   Code   RO          819    i.TxFifo_Put        uart.o
    0x000016a8   0x00000014   Code   RO          820    i.TxFifo_Size       uart.o
    0x000016bc   0x00000058   Code   RO          821    i.UART0_Handler     uart.o
    0x00001714   0x00000058   Code   RO          656    i.UART5_Handler     esp8266.o
    0x0000176c   0x000000d8   Code   RO          657    i.UART5_Init        esp8266.o
    0x00001844   0x00000034   Code   RO          828    i.UART_OutChar      uart.o
    0x00001878   0x00000018   Code   RO          829    i.UART_OutString    uart.o
    0x00001890   0x00000008   Code   RO          974    i.__aeabi_errno_addr  mc_w.l(errno.o)
    0x00001898   0x0000000e   Code   RO         1019    i.__scatterload_copy  mc_w.l(handlers.o)
    0x000018a6   0x00000002   Code   RO         1020    i.__scatterload_null  mc_w.l(handlers.o)
    0x000018a8   0x0000000e   Code   RO         1021    i.__scatterload_zeroinit  mc_w.l(handlers.o)
    0x000018b6   0x00000056   Code   RO           70    i.commandList       st7735.o
    0x0000190c   0x00000184   Code   RO           71    i.commonInit        st7735.o
    0x00001a90   0x00000028   Code   RO          832    i.copyHardwareToSoftware  uart.o
    0x00001ab8   0x00000028   Code   RO          658    i.copyHardwareToSoftware5  esp8266.o
    0x00001ae0   0x0000002c   Code   RO          833    i.copySoftwareToHardware  uart.o
    0x00001b0c   0x0000002c   Code   RO          659    i.copySoftwareToHardware5  esp8266.o
    0x00001b38   0x0000001c   Code   RO           72    i.deselect          st7735.o
    0x00001b54   0x00000002   Code   RO          332    i.enableHeartbeat   lab3.o
    0x00001b56   0x00000026   Code   RO          476    i.itoa_simple       lcd.o
    0x00001b7c   0x00000034   Code   RO          477    i.itoa_simple_helper  lcd.o
    0x00001bb0   0x0000012c   Code   RO          333    i.main              lab3.o
    0x00001cdc   0x00000170   Code   RO          478    i.outputAlarm       lcd.o
    0x00001e4c   0x00000338   Code   RO          479    i.outputLCD         lcd.o
    0x00002184   0x00000024   Code   RO          457    i.outputSpeaker     speaker.o
    0x000021a8   0x00000170   Code   RO          480    i.outputTime        lcd.o
    0x00002318   0x00000020   Code   RO          481    i.outputTime2       lcd.o
    0x00002338   0x00000330   Code   RO          571    i.processInput      buttons.o
    0x00002668   0x00000012   Code   RO           77    i.pushColor         st7735.o
    0x0000267a   0x00000002   PAD
    0x0000267c   0x000002b4   Code   RO          572    i.readInput         buttons.o
    0x00002930   0x00000074   Code   RO           78    i.setAddrWindow     st7735.o
    0x000029a4   0x00000002   Code   RO          334    i.switchInit        lab3.o
    0x000029a6   0x00000002   Code   RO          335    i.timerInit         lab3.o
    0x000029a8   0x00000038   Code   RO           79    i.writecommand      st7735.o
    0x000029e0   0x00000020   Code   RO           80    i.writedata         st7735.o
    0x00002a00   0x00000842   Data   RO           82    .constdata          st7735.o
    0x00003242   0x00000002   PAD
    0x00003244   0x000005a0   Data   RO          483    .constdata          lcd.o
    0x000037e4   0x00000081   Data   RO          986    .constdata          mc_w.l(ctype_o.o)
    0x00003865   0x00000003   PAD
    0x00003868   0x00000004   Data   RO          987    .constdata          mc_w.l(ctype_o.o)
    0x0000386c   0x00000020   Data   RO         1017    Region$$Table       anon$$obj.o


    Execution Region ER_RW (Base: 0x20000000, Size: 0x00000144, Max: 0xffffffff, ABSOLUTE, COMPRESSED[0x00000050])

    Base Addr    Size         Type   Attr      Idx    E Section Name        Object

    0x20000000   0x0000002c   Data   RW           83    .data               st7735.o
    0x2000002c   0x00000064   Data   RW          337    .data               lab3.o
    0x20000090   0x00000094   Data   RW          661    .data               esp8266.o
    0x20000124   0x00000004   Data   RW          773    .data               timer2.o
    0x20000128   0x00000004   Data   RW          794    .data               timer3.o
    0x2000012c   0x00000010   Data   RW          835    .data               uart.o
    0x2000013c   0x00000004   Data   RW          953    .data               mc_w.l(strtok.o)
    0x20000140   0x00000004   Data   RW          977    .data               mc_w.l(errno.o)


    Execution Region ER_ZI (Base: 0x20000144, Size: 0x00000804, Max: 0xffffffff, ABSOLUTE)

    Base Addr    Size         Type   Attr      Idx    E Section Name        Object

    0x20000144   0x00000040   Zero   RW          336    .bss                lab3.o
    0x20000184   0x00000340   Zero   RW          660    .bss                esp8266.o
    0x200004c4   0x00000080   Zero   RW          834    .bss                uart.o
    0x20000544   0x00000004   PAD
    0x20000548   0x00000400   Zero   RW            1    STACK               startup.o


==============================================================================

Image component sizes


      Code (inc. data)   RO Data    RW Data    ZI Data      Debug   Object Name

      1560         90          0          0          0       3248   buttons.o
      1982        618          0        148        832       9928   esp8266.o
       750        154          0        100         64       4997   lab3.o
      1898        348       1440          0          0       5635   lcd.o
       124          6          0          0          0       4615   pll.o
       184         26          0          0          0        461   pwm.o
        36          4          0          0          0        380   speaker.o
      1946        222       2114         44          0      15009   st7735.o
       672        622          0          0       1024        868   startup.o
       120         28          0          4          0       1232   timer2.o
       120         30          0          4          0       1232   timer3.o
       308         60          0          0          0       2035   timers.o
       468         76          0         16        128       5177   uart.o

    ----------------------------------------------------------------------
     10178       2284       3588        316       2052      54817   Object Totals
         0          0         32          0          0          0   (incl. Generated)
        10          0          2          0          4          0   (incl. Padding)

    ----------------------------------------------------------------------

      Code (inc. data)   RO Data    RW Data    ZI Data      Debug   Library Member Name

        58          0          0          0          0          0   __dczerorl.o
        28          0          0          0          0         68   _chval.o
       158          0          0          0          0         92   _strtoul.o
        26          0          0          0          0         80   atoi.o
         8          4        133          0          0         68   ctype_o.o
         0          0          0          0          0          0   entry.o
         0          0          0          0          0          0   entry10a.o
         0          0          0          0          0          0   entry11a.o
         8          4          0          0          0          0   entry2.o
         4          0          0          0          0          0   entry5.o
         0          0          0          0          0          0   entry7b.o
         0          0          0          0          0          0   entry8b.o
         8          4          0          0          0          0   entry9a.o
         8          4          0          4          0         68   errno.o
        30          0          0          0          0          0   handlers.o
        36          8          0          0          0         68   init.o
        18          0          0          0          0         68   strcpy.o
        68          6          0          4          0         80   strtok.o
       112          0          0          0          0         88   strtol.o

    ----------------------------------------------------------------------
       574         30        136          8          0        680   Library Totals
         4          0          3          0          0          0   (incl. Padding)

    ----------------------------------------------------------------------

      Code (inc. data)   RO Data    RW Data    ZI Data      Debug   Library Name

       570         30        133          8          0        680   mc_w.l

    ----------------------------------------------------------------------
       574         30        136          8          0        680   Library Totals

    ----------------------------------------------------------------------

==============================================================================


      Code (inc. data)   RO Data    RW Data    ZI Data      Debug   

     10752       2314       3724        324       2052      51129   Grand Totals
     10752       2314       3724         80       2052      51129   ELF Image Totals (compressed)
     10752       2314       3724         80          0          0   ROM Totals

==============================================================================

    Total RO  Size (Code + RO Data)                14476 (  14.14kB)
    Total RW  Size (RW Data + ZI Data)              2376 (   2.32kB)
    Total ROM Size (Code + RO Data + RW Data)      14556 (  14.21kB)

==============================================================================

